WARNING: Land fraction file not found: 
Will process all tracks without land fraction filtering.
Starting environmental variable extraction...
Processing 1 variable(s) across 1 date range(s)
================================================
Processing all variables: deep_shear_magnitude
================================================
Using pre-computed data from: /pscratch/sd/p/paccini/temp/hackathon/wind_shear/UM
Using filename pattern: um_glm_n2560_RAL3p3_wind_shear_hp8_3H
Processing 1 date ranges
============================================================
Environmental Variable Extraction
============================================================
Model: um_glm_n2560_RAL3p3
Output directory: /pscratch/sd/p/paccini/temp/hackathon/updated_environmental_variables/UM_all
Variables: deep_shear_magnitude
Number of date ranges: 1
============================================================
Using radii: [5.  3.5 2. ]
Opening catalog from https://digital-earths-global-hackathon.github.io/catalog/catalog.yaml
Loading dataset um_glm_n2560_RAL3p3...
Dataset loaded successfully
Computing HEALPix grid...
Grid: nside=256
Loading MCS track data from /global/cfs/cdirs/m4581/gsharing/hackathon/tracking/mcs/um_glm_n2560_RAL3p3/stats/mcs_tracks_final_20200201.0000_20210301.0000.nc
Loaded 25571000 total track-time points
After dropping NaN positions: 808587 valid track time points
After spatial filtering: 801134 track time points
This dataset will be reused for all 1 variable(s) and 1 date range(s)
Calculating HEALPix indices...

============================================================
Processing variable 1/1: deep_shear_magnitude
============================================================
Loading pre-computed variable from /pscratch/sd/p/paccini/temp/hackathon/wind_shear/UM

============================================================
Processing date range 1/1
Date range: 2020-02-01 to 2021-03-31
============================================================
Loading pre-computed variable 'deep_shear_magnitude' from /pscratch/sd/p/paccini/temp/hackathon/wind_shear/UM
Loading 14 pre-computed file(s)...
Loaded pre-computed variable: deep_shear_magnitude, shape: (3400, 786432)
Pre-computed variable data ready
Filtered to 801134 track time points for this date range
Subsampling tracks to model frequency: 3H
Subsampled from 801134 to 280074 time points (65.0% reduction)

Aligning track times to dataset times...
Aligning track times to dataset times...
  Dataset has 3497 time steps
  Original unique times: 9456
  Aligned unique times: 3153
  Reduction: 66.7%
Calculating circular areas for 280074 track positions...
  Progress: 0/280074 positions processed...
  Progress: 50000/280074 positions processed...
  Progress: 100000/280074 positions processed...
  Progress: 150000/280074 positions processed...
  Progress: 200000/280074 positions processed...
  Progress: 250000/280074 positions processed...
Calculated circular areas for 840222 track-time-radius combinations
Extracting pre-convective areas (first time step per track)...
Extracted pre-convective areas for 39340 tracks
Creating track time mapping...
Extracting deep_shear_magnitude statistics for track duration...
Loading deep_shear_magnitude data for 700587 pixels and 3153 time steps...
Using time batching: 4 batches of up to 1000 time steps
  Loading time batch 1/4: 1000 times...
  Loading time batch 2/4: 1000 times...
  Loading time batch 3/4: 1000 times...
  Loading time batch 4/4: 153 times...
Successfully loaded data for 3153 time steps
Time mapping created: 3153 requested → 3153 actual times
Processing 840222 areas with batched approach (batch_size=500)...
  Progress: 100000/840222 areas processed...
  Progress: 200000/840222 areas processed...
  Progress: 300000/840222 areas processed...
  Progress: 400000/840222 areas processed...
  Progress: 500000/840222 areas processed...
  Progress: 600000/840222 areas processed...
  Progress: 700000/840222 areas processed...
  Progress: 800000/840222 areas processed...
Extracted deep_shear_magnitude statistics for 840132 combinations
Adding pre-convective data (24 hours before initiation)...
Collecting all pre-convective times and pixels for 39340 tracks...
Loading pre-convective data: 657521 pixels × 3158 times...
Using time batching: 4 batches of up to 1000 time steps
  Loading pre-convective time batch 1/4: 1000 times...
  Loading pre-convective time batch 2/4: 1000 times...
  Loading pre-convective time batch 3/4: 1000 times...
  Loading pre-convective time batch 4/4: 158 times...
Pre-convective data loaded successfully: 3150 time steps
Extracting pre-convective statistics for 39340 tracks...
  Processed 10000/39340 tracks, extracted 239988 data points.
  Processed 20000/39340 tracks, extracted 479937 data points.
  Processed 30000/39340 tracks, extracted 719937 data points.
  Completed processing all 39340 tracks
Added 944080 pre-convective data points
Results saved to: /pscratch/sd/p/paccini/temp/hackathon/updated_environmental_variables/UM_all/deep_shear_magnitude/mcs_env_deep_shear_magnitude_20200201_20210331_deep_shear_magnitude.parquet

============================================================
SUMMARY STATISTICS - deep_shear_magnitude - Date range 1/1
============================================================
Total tracks processed: 39340
Total data points: 1784212
Radii processed: [5.  3.5 2. ]
Variable: deep_shear_magnitude
Time range: -24.0h to 312.0h

Extraction completed in 982.46 seconds (16.37 minutes)
============================================================

============================================================
VARIABLE deep_shear_magnitude COMPLETED
============================================================
Processed 1 date range(s)
Total time for deep_shear_magnitude: 982.46 seconds (16.37 minutes)
============================================================

============================================================
ALL VARIABLES AND DATE RANGES COMPLETED
============================================================
Processed 1 variable(s)
Processed 1 date range(s) per variable
Total time: 1040.89 seconds (17.35 minutes)
Average per variable: 1040.89 seconds
============================================================
Completed processing for all variables
All processing complete at Tue 28 Oct 2025 11:56:17 AM PDT
