
Currently Loaded Modules:
  1) craype-x86-milan
  2) libfabric/1.22.0
  3) craype-network-ofi
  4) xpmem/2.9.7-1.1_20250411150514__g191b5f8bea4c
  5) PrgEnv-gnu/8.5.0
  6) cray-dsmml/0.3.0
  7) cray-libsci/24.07.0
  8) cray-mpich/8.1.30
  9) craype/2.7.32
 10) gcc-native/13.2
 11) perftools-base/24.07.0
 12) cpe/24.07
 13) cudatoolkit/12.4
 14) craype-accel-nvidia80
 15) gpu/1.0
 16) sqs/2.0
 17) darshan/default
 18) conda/Miniforge3-24.7.1-0
 19) python/3.11

 

WARNING: Land fraction file not found: 
Will process all tracks without land fraction filtering.
Starting environmental variable extraction...
Processing 1 variable(s) across 1 date range(s)
================================================
Processing all variables: wa
================================================
Processing 1 date ranges
============================================================
Environmental Variable Extraction
============================================================
Model: um_glm_n2560_RAL3p3
Output directory: /pscratch/sd/p/paccini/temp/hackathon/updated_environmental_variables/UM_all
Variables: wa
Number of date ranges: 1
============================================================
Using radii: [5.  3.5 2. ]
Opening catalog from https://digital-earths-global-hackathon.github.io/catalog/catalog.yaml
Loading dataset um_glm_n2560_RAL3p3...
Computing HEALPix grid...
Grid: nside=256
Loading MCS track data from /global/cfs/cdirs/m4581/gsharing/hackathon/tracking/mcs/um_glm_n2560_RAL3p3/stats/mcs_tracks_final_20200201.0000_20210301.0000.nc
Loaded 25571000 total track-time points
After dropping NaN positions: 808587 valid track time points
After spatial filtering: 801134 track time points
This dataset will be reused for all 1 variable(s) and 1 date range(s)
Calculating HEALPix indices...
Using pressure levels: [850.0] hPa

============================================================
Processing variable 1/1: wa
============================================================
Setting up variable data (wa)...
ERROR: Variable 'wa' not found in dataset
Skipping wa

============================================================
ALL VARIABLES AND DATE RANGES COMPLETED
============================================================
Processed 1 variable(s)
Processed 1 date range(s) per variable
Total time: 39.68 seconds (0.66 minutes)
Average per variable: 39.68 seconds
============================================================
Completed processing for all variables
All processing complete at Tue 21 Oct 2025 06:23:42 PM PDT
