
Currently Loaded Modules:
  1) craype-x86-milan
  2) libfabric/1.22.0
  3) craype-network-ofi
  4) xpmem/2.9.7-1.1_20250411150514__g191b5f8bea4c
  5) PrgEnv-gnu/8.5.0
  6) cray-dsmml/0.3.0
  7) cray-libsci/24.07.0
  8) cray-mpich/8.1.30
  9) craype/2.7.32
 10) gcc-native/13.2
 11) perftools-base/24.07.0
 12) cpe/24.07
 13) cudatoolkit/12.4
 14) craype-accel-nvidia80
 15) gpu/1.0
 16) sqs/2.0
 17) darshan/default
 18) conda/Miniforge3-24.7.1-0
 19) python/3.11

 

WARNING: Land fraction file not found: 
Will process all tracks without land fraction filtering.
Starting environmental variable extraction...
Processing 1 variable(s) across 1 date range(s)
================================================
Processing all variables: wa
================================================
Processing 1 date ranges
============================================================
Environmental Variable Extraction
============================================================
Model: icon_d3hp003
Output directory: /pscratch/sd/p/paccini/temp/hackathon/updated_environmental_variables/ICON_all
Variables: wa
Number of date ranges: 1
============================================================
Using radii: [5.  3.5 2. ]
Opening catalog from https://digital-earths-global-hackathon.github.io/catalog/catalog.yaml
Loading dataset icon_d3hp003...
Computing HEALPix grid...
Grid: nside=256
Loading MCS track data from /global/cfs/cdirs/m4581/gsharing/hackathon/tracking/mcs/icon_d3hp003/stats/mcs_tracks_final_20200102.0000_20201231.2330.nc
Loaded 28325050 total track-time points
After dropping NaN positions: 818949 valid track time points
After spatial filtering: 801717 track time points
This dataset will be reused for all 1 variable(s) and 1 date range(s)
Calculating HEALPix indices...
Using pressure levels: [500.0] hPa

============================================================
Processing variable 1/1: wa
============================================================
Converting vertical velocity (wa) to pressure velocity (omega)...
Converting vertical velocity (wa) to pressure velocity (omega)...
  Detected pressure units: Pascals (median value: 22500.0 Pa)
  Converting pressure levels from hPa to Pa: [500.0] hPa → [50000.0] Pa
Omega conversion complete. Pressure levels: [500.0] hPa
Variable data ready (omega)

============================================================
Processing date range 1/1
Date range: 2020-01-02 to 2021-01-01
============================================================
Filtered to 801717 track time points for this date range
Subsampling tracks to model frequency: 6H
Subsampled from 801717 to 151675 time points (81.1% reduction)
Calculating circular areas for 151675 track positions...
  Progress: 0/151675 positions processed...
  Progress: 50000/151675 positions processed...
  Progress: 100000/151675 positions processed...
  Progress: 150000/151675 positions processed...
Calculated circular areas for 455025 track-time-radius combinations
Extracting pre-convective areas (first time step per track)...
Extracted pre-convective areas for 43577 tracks
Creating track time mapping...
Extracting omega statistics for track duration...
Loading omega data for 697523 pixels and 8760 time steps...
Time mapping created: 8760 requested → 8760 actual times
Processing 455025 areas with batched approach (batch_size=500)...
  Progress: 100000/455025 areas processed...
  Progress: 200000/455025 areas processed...
  Progress: 300000/455025 areas processed...
  Progress: 400000/455025 areas processed...
Extracted omega statistics for 455025 combinations
Adding pre-convective data (24 hours before initiation)...
Collecting all pre-convective times and pixels for 43577 tracks...
Loading pre-convective data: 683703 pixels × 8773 times...
Pre-convective data loaded successfully
Extracting pre-convective statistics for 43577 tracks...
  Processed 10000/43577 tracks, extracted 120000 data points.
  Processed 20000/43577 tracks, extracted 240000 data points.
  Processed 30000/43577 tracks, extracted 360000 data points.
  Processed 40000/43577 tracks, extracted 480000 data points.
  Completed processing all 43577 tracks
Added 522924 pre-convective data points
Results saved to: /pscratch/sd/p/paccini/temp/hackathon/updated_environmental_variables/ICON_all/omega/mcs_env_omega_20200102_20210101_omega_500hPa.parquet

============================================================
SUMMARY STATISTICS - omega - Date range 1/1
============================================================
Total tracks processed: 43577
Total data points: 977949
Radii processed: [5.  3.5 2. ]
Variable: omega
Time range: -24.0h to 306.0h

Extraction completed in 913.92 seconds (15.23 minutes)
============================================================

============================================================
VARIABLE omega COMPLETED
============================================================
Processed 1 date range(s)
Total time for omega: 966.73 seconds (16.11 minutes)
============================================================

============================================================
ALL VARIABLES AND DATE RANGES COMPLETED
============================================================
Processed 1 variable(s)
Processed 1 date range(s) per variable
Total time: 1001.17 seconds (16.69 minutes)
Average per variable: 1001.17 seconds
============================================================
Completed processing for all variables
All processing complete at Wed 22 Oct 2025 02:22:29 PM PDT
