WARNING: Land fraction file not found: 
Will process all tracks without land fraction filtering.
Starting environmental variable extraction...
Processing 1 variable(s) across 1 date range(s)
================================================
Processing all variables: hur
================================================
Processing 1 date ranges
============================================================
Environmental Variable Extraction
============================================================
Model: ifs_tco3999_rcbmf
Output directory: /pscratch/sd/p/paccini/temp/hackathon/updated_environmental_variables/IFS_all
Variables: hur
Number of date ranges: 1
============================================================
Using radii: [5.  3.5 2. ]
Opening catalog from https://digital-earths-global-hackathon.github.io/catalog/catalog.yaml
Loading dataset ifs_tco3999_rcbmf...
Resampling IFS data from hourly to 3H...
After resampling: 3401 time steps
Dataset loaded successfully
Detected IFS model: Applying dimension and variable name fixes...
Swapped 'value' → 'cell' dimension
Renamed 'level' → 'pressure' dimension
Renamed variables: {'t': 'ta', 'w': 'wa', 'q': 'hus', 'r': 'hur', '2t': 'tas'}
IFS model fixes complete
Computing HEALPix grid...
Grid: nside=128
Loading MCS track data from /pscratch/sd/p/paccini/IFS_mcs_hackathon/ifs_tco3999_rcbmf/stats/mcs_tracks_final_20200101.0000_20210228.2330.nc
Loaded 21012550 total track-time points
After dropping NaN positions: 709549 valid track time points
After spatial filtering: 698492 track time points
This dataset will be reused for all 1 variable(s) and 1 date range(s)
Calculating HEALPix indices...
Using pressure levels: [500.0] hPa

============================================================
Processing variable 1/1: hur
============================================================
Setting up variable data (hur)...
3D variable detected with pressure dimension
Requested pressure levels: [500.0] hPa
  Detected pressure units: hectopascals (median value: 400.0 hPa)
  Pressure levels: [500.0] hPa (no conversion needed)
Selected single pressure level: 500.0 hPa
Variable is now 2D (cell, time) - ready for efficient loading
Variable data ready

============================================================
Processing date range 1/1
Date range: 2020-01-01 to 2021-03-01
============================================================
Filtered to 698492 track time points for this date range
Subsampling tracks to model frequency: 3H
Subsampled from 698492 to 243477 time points (65.1% reduction)

Aligning track times to dataset times...
Aligning track times to dataset times...
  Dataset has 3401 time steps
  Original unique times: 10199
  Aligned unique times: 3401
  Reduction: 66.7%
Calculating circular areas for 243477 track positions...
  Progress: 0/243477 positions processed...
  Progress: 50000/243477 positions processed...
  Progress: 100000/243477 positions processed...
  Progress: 150000/243477 positions processed...
  Progress: 200000/243477 positions processed...
Calculated circular areas for 730431 track-time-radius combinations
Extracting pre-convective areas (first time step per track)...
Extracted pre-convective areas for 32327 tracks
Creating track time mapping...
Extracting hur statistics for track duration...
Loading hur data for 173007 pixels and 3401 time steps...
Using time batching: 7 batches of up to 500 time steps
  Loading time batch 1/7: 500 times...
  Loading time batch 2/7: 500 times...
  Loading time batch 3/7: 500 times...
  Loading time batch 4/7: 500 times...
  Loading time batch 5/7: 500 times...
  Loading time batch 6/7: 500 times...
  Loading time batch 7/7: 401 times...
Successfully loaded data for 3401 time steps
Time mapping created: 3401 requested → 3401 actual times
Processing 730431 areas with batched approach (batch_size=500)...
  Progress: 100000/730431 areas processed...
  Progress: 200000/730431 areas processed...
  Progress: 300000/730431 areas processed...
  Progress: 400000/730431 areas processed...
  Progress: 500000/730431 areas processed...
  Progress: 600000/730431 areas processed...
  Progress: 700000/730431 areas processed...
Extracted hur statistics for 730431 combinations
Adding pre-convective data (24 hours before initiation)...
Collecting all pre-convective times and pixels for 32327 tracks...
slurmstepd: error: *** STEP 44349385.0 ON nid005758 CANCELLED AT 2025-10-23T22:52:48 DUE TO TIME LIMIT ***
slurmstepd: error: *** JOB 44349385 ON nid005758 CANCELLED AT 2025-10-23T22:52:48 DUE TO TIME LIMIT ***
