
Currently Loaded Modules:
  1) craype-x86-milan
  2) libfabric/1.22.0
  3) craype-network-ofi
  4) xpmem/2.9.7-1.1_20250411150514__g191b5f8bea4c
  5) PrgEnv-gnu/8.5.0
  6) cray-dsmml/0.3.0
  7) cray-libsci/24.07.0
  8) cray-mpich/8.1.30
  9) craype/2.7.32
 10) gcc-native/13.2
 11) perftools-base/24.07.0
 12) cpe/24.07
 13) cudatoolkit/12.4
 14) craype-accel-nvidia80
 15) gpu/1.0
 16) sqs/2.0
 17) darshan/default
 18) conda/Miniforge3-24.7.1-0
 19) python/3.11

 

WARNING: Land fraction file not found: 
Will process all tracks without land fraction filtering.
Starting environmental variable extraction...
Processing 1 variable(s) across 1 date range(s)
================================================
Processing all variables: wa
================================================
Processing 1 date ranges
============================================================
Environmental Variable Extraction
============================================================
Model: um_glm_n2560_RAL3p3
Output directory: /pscratch/sd/p/paccini/temp/hackathon/updated_environmental_variables/UM_all
Variables: wa
Number of date ranges: 1
============================================================
Using radii: [5.  3.5 2. ]
Opening catalog from https://digital-earths-global-hackathon.github.io/catalog/catalog.yaml
Loading dataset um_glm_n2560_RAL3p3...
Computing HEALPix grid...
Grid: nside=256
Loading MCS track data from /global/cfs/cdirs/m4581/gsharing/hackathon/tracking/mcs/um_glm_n2560_RAL3p3/stats/mcs_tracks_final_20200201.0000_20210301.0000.nc
Loaded 25571000 total track-time points
After dropping NaN positions: 808587 valid track time points
After spatial filtering: 801134 track time points
This dataset will be reused for all 1 variable(s) and 1 date range(s)
Calculating HEALPix indices...
Using pressure levels: [500.0] hPa

============================================================
Processing variable 1/1: wa
============================================================
Setting up variable data (wa)...
3D variable detected with pressure dimension
Requested pressure levels: [500.0] hPa
  Detected pressure units: hectopascals (median value: 400.0 hPa)
  Pressure levels: [500.0] hPa (no conversion needed)
Variable data ready

============================================================
Processing date range 1/1
Date range: 2020-02-01 to 2021-03-31
============================================================
Filtered to 801134 track time points for this date range
Subsampling tracks to model frequency: 3H
Subsampled from 801134 to 280074 time points (65.0% reduction)
Calculating circular areas for 280074 track positions...
  Progress: 0/280074 positions processed...
  Progress: 50000/280074 positions processed...
  Progress: 100000/280074 positions processed...
  Progress: 150000/280074 positions processed...
  Progress: 200000/280074 positions processed...
  Progress: 250000/280074 positions processed...
Calculated circular areas for 840222 track-time-radius combinations
Extracting pre-convective areas (first time step per track)...
Extracted pre-convective areas for 39340 tracks
Creating track time mapping...
Extracting wa statistics for track duration...
Loading wa data for 700587 pixels and 9456 time steps...
Time mapping created: 9456 requested → 9456 actual times
Processing 840222 areas with batched approach (batch_size=500)...
  Progress: 100000/840222 areas processed...
  Progress: 200000/840222 areas processed...
  Progress: 300000/840222 areas processed...
  Progress: 400000/840222 areas processed...
  Progress: 500000/840222 areas processed...
  Progress: 600000/840222 areas processed...
  Progress: 700000/840222 areas processed...
  Progress: 800000/840222 areas processed...
Extracted wa statistics for 840222 combinations
Adding pre-convective data (24 hours before initiation)...
Collecting all pre-convective times and pixels for 39340 tracks...
Loading pre-convective data: 657521 pixels × 9471 times...
Pre-convective data loaded successfully
Extracting pre-convective statistics for 39340 tracks...
  Processed 10000/39340 tracks, extracted 240000 data points.
  Processed 20000/39340 tracks, extracted 480000 data points.
  Processed 30000/39340 tracks, extracted 720000 data points.
  Completed processing all 39340 tracks
Added 944160 pre-convective data points
Results saved to: /pscratch/sd/p/paccini/temp/hackathon/updated_environmental_variables/UM_all/wa/mcs_env_wa_20200201_20210331_wa_500hPa.parquet

============================================================
SUMMARY STATISTICS - wa - Date range 1/1
============================================================
Total tracks processed: 39340
Total data points: 1784382
Radii processed: [5.  3.5 2. ]
Variable: wa
Time range: -24.0h to 312.0h

Extraction completed in 1196.01 seconds (19.93 minutes)
============================================================

============================================================
VARIABLE wa COMPLETED
============================================================
Processed 1 date range(s)
Total time for wa: 1196.06 seconds (19.93 minutes)
============================================================

============================================================
ALL VARIABLES AND DATE RANGES COMPLETED
============================================================
Processed 1 variable(s)
Processed 1 date range(s) per variable
Total time: 1246.33 seconds (20.77 minutes)
Average per variable: 1246.33 seconds
============================================================
Completed processing for all variables
All processing complete at Tue 21 Oct 2025 11:17:41 PM PDT
