WARNING: Land fraction file not found: 
Will process all tracks without land fraction filtering.
Starting environmental variable extraction...
Processing 1 variable(s) across 1 date range(s)
================================================
Processing all variables: tcwv
================================================
Processing 1 date ranges
============================================================
Environmental Variable Extraction
============================================================
Model: ifs_tco3999_rcbmf
Output directory: /pscratch/sd/p/paccini/temp/hackathon/updated_environmental_variables/IFS_all
Variables: tcwv
Number of date ranges: 1
============================================================
Using radii: [5.  3.5 2. ]
Opening catalog from https://digital-earths-global-hackathon.github.io/catalog/catalog.yaml
Loading dataset ifs_tco3999_rcbmf...
Detected IFS model: Swapping 'value' dimension to 'cell' for variable compatibility...
Dimension swapping complete
Computing HEALPix grid...
Grid: nside=128
Loading MCS track data from /pscratch/sd/p/paccini/IFS_mcs_hackathon/ifs_tco3999_rcbmf/stats/mcs_tracks_final_20200101.0000_20210228.2330.nc
Loaded 21012550 total track-time points
After dropping NaN positions: 709549 valid track time points
After spatial filtering: 698492 track time points
This dataset will be reused for all 1 variable(s) and 1 date range(s)
Calculating HEALPix indices...

============================================================
Processing variable 1/1: tcwv
============================================================
Setting up variable data (tcwv)...
Variable data ready

============================================================
Processing date range 1/1
Date range: 2020-01-01 to 2021-03-01
============================================================
Filtered to 698492 track time points for this date range
Subsampling tracks to model frequency: 3H
Subsampled from 698492 to 243477 time points (65.1% reduction)
Calculating circular areas for 243477 track positions...
  Progress: 0/243477 positions processed...
  Progress: 50000/243477 positions processed...
  Progress: 100000/243477 positions processed...
  Progress: 150000/243477 positions processed...
  Progress: 200000/243477 positions processed...
Calculated circular areas for 730431 track-time-radius combinations
Extracting pre-convective areas (first time step per track)...
Extracted pre-convective areas for 32327 tracks
Creating track time mapping...
Extracting tcwv statistics for track duration...
Loading tcwv data for 173007 pixels and 10199 time steps...
Time mapping created: 10199 requested → 10199 actual times
Processing 730431 areas with batched approach (batch_size=500)...
  Progress: 100000/730431 areas processed...
  Progress: 200000/730431 areas processed...
  Progress: 300000/730431 areas processed...
  Progress: 400000/730431 areas processed...
  Progress: 500000/730431 areas processed...
  Progress: 600000/730431 areas processed...
  Progress: 700000/730431 areas processed...
Extracted tcwv statistics for 649689 combinations
Adding pre-convective data (24 hours before initiation)...
Collecting all pre-convective times and pixels for 32327 tracks...
Loading pre-convective data: 161672 pixels × 10214 times...
Pre-convective data loaded successfully
Extracting pre-convective statistics for 32327 tracks...
  Processed 10000/32327 tracks, extracted 176160 data points.
  Processed 20000/32327 tracks, extracted 401256 data points.
  Processed 30000/32327 tracks, extracted 600232 data points.
  Completed processing all 32327 tracks
Added 639992 pre-convective data points
Results saved to: /pscratch/sd/p/paccini/temp/hackathon/updated_environmental_variables/IFS_all/tcwv/mcs_env_tcwv_20200101_20210301_tcwv.parquet

============================================================
SUMMARY STATISTICS - tcwv - Date range 1/1
============================================================
Total tracks processed: 29521
Total data points: 1289681
Radii processed: [5.  3.5 2. ]
Variable: tcwv
Time range: -24.0h to 444.0h

Extraction completed in 984.77 seconds (16.41 minutes)
============================================================

============================================================
VARIABLE tcwv COMPLETED
============================================================
Processed 1 date range(s)
Total time for tcwv: 984.77 seconds (16.41 minutes)
============================================================

============================================================
ALL VARIABLES AND DATE RANGES COMPLETED
============================================================
Processed 1 variable(s)
Processed 1 date range(s) per variable
Total time: 997.20 seconds (16.62 minutes)
Average per variable: 997.20 seconds
============================================================
Completed processing for all variables
All processing complete at Mon 20 Oct 2025 12:37:00 PM PDT
