
Currently Loaded Modules:
  1) craype-x86-milan
  2) libfabric/1.22.0
  3) craype-network-ofi
  4) xpmem/2.9.7-1.1_20250411150514__g191b5f8bea4c
  5) PrgEnv-gnu/8.5.0
  6) cray-dsmml/0.3.0
  7) cray-libsci/24.07.0
  8) cray-mpich/8.1.30
  9) craype/2.7.32
 10) gcc-native/13.2
 11) perftools-base/24.07.0
 12) cpe/24.07
 13) cudatoolkit/12.4
 14) craype-accel-nvidia80
 15) gpu/1.0
 16) sqs/2.0
 17) darshan/default
 18) conda/Miniforge3-24.7.1-0
 19) python/3.11

 

WARNING: Land fraction file not found: 
Will process all tracks without land fraction filtering.
Starting environmental variable extraction...
Processing 1 variable(s) across 1 date range(s)
================================================
Processing all variables: wa
================================================
Processing 1 date ranges
============================================================
Environmental Variable Extraction
============================================================
Model: icon_d3hp003
Output directory: /pscratch/sd/p/paccini/temp/hackathon/updated_environmental_variables/ICON
Variables: wa
Number of date ranges: 1
============================================================
Using radii: [5.  3.5 2. ]
Opening catalog from https://digital-earths-global-hackathon.github.io/catalog/catalog.yaml
Loading dataset icon_d3hp003...
Computing HEALPix grid...
Grid: nside=256
Loading MCS track data from /global/cfs/cdirs/m4581/gsharing/hackathon/tracking/mcs/icon_d3hp003/stats/mcs_tracks_final_20200102.0000_20201231.2330.nc
Loaded 28325050 total track-time points
After dropping NaN positions: 818949 valid track time points
After spatial filtering: 595527 track time points
This dataset will be reused for all 1 variable(s) and 1 date range(s)
Calculating HEALPix indices...
Using pressure levels: [500.0] hPa

============================================================
Processing variable 1/1: wa
============================================================
Converting vertical velocity (wa) to pressure velocity (omega)...
🌬️ Converting vertical velocity (wa) to pressure velocity (omega)...
  Detected pressure units: Pascals (median value: 22500.0 Pa)
  Converting pressure levels from hPa to Pa: [500.0] hPa → [50000.0] Pa
✅ Omega conversion complete. Pressure levels: [500.0] hPa
Variable data ready (omega)

============================================================
Processing date range 1/1
Date range: 2020-01-02 to 2021-01-01
============================================================
Filtered to 595527 track time points for this date range
Subsampling tracks to model frequency: 6H
Subsampled from 595527 to 114230 time points (80.8% reduction)
Calculating circular areas for 114230 track positions...
  Progress: 0/114230 positions processed...
  Progress: 50000/114230 positions processed...
  Progress: 100000/114230 positions processed...
Calculated circular areas for 342690 track-time-radius combinations
Extracting pre-convective areas (first time step per track)...
Extracted pre-convective areas for 35760 tracks
Creating track time mapping...
Extracting omega statistics for track duration...
Loading omega data for 431760 pixels and 8760 time steps...
Time mapping created: 8760 requested → 8760 actual times
Processing 342690 areas with batched approach (batch_size=500)...
  Progress: 100000/342690 areas processed...
  Progress: 200000/342690 areas processed...
  Progress: 300000/342690 areas processed...
Extracted omega statistics for 342690 combinations
Adding pre-convective data (24 hours before initiation)...
Collecting all pre-convective times and pixels for 35760 tracks...
Loading pre-convective data: 420649 pixels × 8773 times...
Pre-convective data loaded successfully
Extracting pre-convective statistics for 35760 tracks...
  Processed 10000/35760 tracks (28.0%), extracted 120000 data points so far
  Processed 20000/35760 tracks (55.9%), extracted 240000 data points so far
  Processed 30000/35760 tracks (83.9%), extracted 360000 data points so far
  Completed processing all 35760 tracks
Added 429120 pre-convective data points
Results saved to: /pscratch/sd/p/paccini/temp/hackathon/updated_environmental_variables/ICON/omega/mcs_env_omega_20200102_20210101_omega_500hPa.parquet

============================================================
SUMMARY STATISTICS - omega - Date range 1/1
============================================================
Total tracks processed: 35760
Total data points: 771810
Radii processed: [5.  3.5 2. ]
Variable: omega
Time range: -24.0h to 306.0h

Extraction completed in 689.59 seconds (11.49 minutes)
============================================================

============================================================
VARIABLE omega COMPLETED
============================================================
Processed 1 date range(s)
Total time for omega: 725.41 seconds (12.09 minutes)
============================================================

============================================================
ALL VARIABLES AND DATE RANGES COMPLETED
============================================================
Processed 1 variable(s)
Processed 1 date range(s) per variable
Total time: 755.51 seconds (12.59 minutes)
Average per variable: 755.51 seconds
============================================================
Completed processing for all variables
All processing complete at Fri 17 Oct 2025 10:34:26 PM PDT
