
Currently Loaded Modules:
  1) craype-x86-milan
  2) libfabric/1.22.0
  3) craype-network-ofi
  4) xpmem/2.9.7-1.1_20250411150514__g191b5f8bea4c
  5) PrgEnv-gnu/8.5.0
  6) cray-dsmml/0.3.0
  7) cray-libsci/24.07.0
  8) cray-mpich/8.1.30
  9) craype/2.7.32
 10) gcc-native/13.2
 11) perftools-base/24.07.0
 12) cpe/24.07
 13) cudatoolkit/12.4
 14) craype-accel-nvidia80
 15) gpu/1.0
 16) sqs/2.0
 17) darshan/default
 18) conda/Miniforge3-24.7.1-0
 19) python/3.11

 

WARNING: Land fraction file not found: 
Will process all tracks without land fraction filtering.
Starting environmental variable extraction...
Processing 1 variable(s) across 1 date range(s)
================================================
Processing all variables: low_shear_magnitude
================================================
Using pre-computed data from: /pscratch/sd/p/paccini/temp/hackathon/wind_shear/SCREAM
Using filename pattern: scream_ne120_wind_shear_hp8_3H
Processing 1 date ranges
============================================================
Environmental Variable Extraction
============================================================
Model: scream_ne120
Output directory: /pscratch/sd/p/paccini/temp/hackathon/updated_environmental_variables/SCREAM_all
Variables: low_shear_magnitude
Number of date ranges: 1
============================================================
Using radii: [5.  3.5 2. ]
Opening catalog from https://digital-earths-global-hackathon.github.io/catalog/catalog.yaml
Loading dataset scream_ne120...
Dataset loaded successfully
Detected SCREAM model: Renaming 'level' → 'pressure' dimension...
SCREAM model fix complete
Computing HEALPix grid...
Grid: nside=256
Loading MCS track data from /global/cfs/cdirs/m4581/gsharing/hackathon/tracking/mcs/scream/stats/mcs_tracks_final_20190801.0000_20200901.0000.nc
Loaded 36716550 total track-time points
After dropping NaN positions: 1017087 valid track time points
After spatial filtering: 1004566 track time points
This dataset will be reused for all 1 variable(s) and 1 date range(s)
Calculating HEALPix indices...

============================================================
Processing variable 1/1: low_shear_magnitude
============================================================
Loading pre-computed variable from /pscratch/sd/p/paccini/temp/hackathon/wind_shear/SCREAM

============================================================
Processing date range 1/1
Date range: 2019-08-01 to 2020-09-02
============================================================
Loading pre-computed variable 'low_shear_magnitude' from /pscratch/sd/p/paccini/temp/hackathon/wind_shear/SCREAM
Loading 14 pre-computed file(s)...
Loaded pre-computed variable: low_shear_magnitude, shape: (3168, 786432)
Pre-computed variable data ready
Filtered to 1004566 track time points for this date range
Subsampling tracks to model frequency: 3H
Subsampled from 1004566 to 353486 time points (64.8% reduction)

Aligning track times to dataset times...
Aligning track times to dataset times...
  Dataset has 3168 time steps
  Original unique times: 9456
  Aligned unique times: 3153
  Reduction: 66.7%
Calculating circular areas for 353486 track positions...
  Progress: 0/353486 positions processed...
  Progress: 50000/353486 positions processed...
  Progress: 100000/353486 positions processed...
  Progress: 150000/353486 positions processed...
  Progress: 200000/353486 positions processed...
  Progress: 250000/353486 positions processed...
  Progress: 300000/353486 positions processed...
  Progress: 350000/353486 positions processed...
Calculated circular areas for 1060458 track-time-radius combinations
Extracting pre-convective areas (first time step per track)...
Extracted pre-convective areas for 56487 tracks
Creating track time mapping...
Extracting low_shear_magnitude statistics for track duration...
Loading low_shear_magnitude data for 697801 pixels and 3153 time steps...
Using time batching: 4 batches of up to 1000 time steps
  Loading time batch 1/4: 1000 times...
  Loading time batch 2/4: 1000 times...
  Loading time batch 3/4: 1000 times...
  Loading time batch 4/4: 153 times...
Successfully loaded data for 3153 time steps
Time mapping created: 3153 requested → 3153 actual times
Processing 1060458 areas with batched approach (batch_size=500)...
  Progress: 100000/1060458 areas processed...
  Progress: 200000/1060458 areas processed...
  Progress: 300000/1060458 areas processed...
  Progress: 400000/1060458 areas processed...
  Progress: 500000/1060458 areas processed...
  Progress: 600000/1060458 areas processed...
  Progress: 700000/1060458 areas processed...
  Progress: 800000/1060458 areas processed...
  Progress: 900000/1060458 areas processed...
  Progress: 1000000/1060458 areas processed...
Extracted low_shear_magnitude statistics for 1060458 combinations
Adding pre-convective data (24 hours before initiation)...
Collecting all pre-convective times and pixels for 56487 tracks...
Loading pre-convective data: 687984 pixels × 3171 times...
Using time batching: 4 batches of up to 1000 time steps
  Loading pre-convective time batch 1/4: 1000 times...
  Loading pre-convective time batch 2/4: 1000 times...
  Loading pre-convective time batch 3/4: 1000 times...
  Loading pre-convective time batch 4/4: 171 times...
Pre-convective data loaded successfully: 3156 time steps
Extracting pre-convective statistics for 56487 tracks...
  Processed 10000/56487 tracks, extracted 240000 data points.
  Processed 20000/56487 tracks, extracted 480000 data points.
  Processed 30000/56487 tracks, extracted 720000 data points.
  Processed 40000/56487 tracks, extracted 960000 data points.
  Processed 50000/56487 tracks, extracted 1200000 data points.
  Completed processing all 56487 tracks
Added 1355688 pre-convective data points
Results saved to: /pscratch/sd/p/paccini/temp/hackathon/updated_environmental_variables/SCREAM_all/low_shear_magnitude/mcs_env_low_shear_magnitude_20190801_20200902_low_shear_magnitude.parquet

============================================================
SUMMARY STATISTICS - low_shear_magnitude - Date range 1/1
============================================================
Total tracks processed: 56487
Total data points: 2416146
Radii processed: [5.  3.5 2. ]
Variable: low_shear_magnitude
Time range: -24.0h to 612.0h

Extraction completed in 1435.09 seconds (23.92 minutes)
============================================================

============================================================
VARIABLE low_shear_magnitude COMPLETED
============================================================
Processed 1 date range(s)
Total time for low_shear_magnitude: 1435.09 seconds (23.92 minutes)
============================================================

============================================================
ALL VARIABLES AND DATE RANGES COMPLETED
============================================================
Processed 1 variable(s)
Processed 1 date range(s) per variable
Total time: 1473.03 seconds (24.55 minutes)
Average per variable: 1473.03 seconds
============================================================
Completed processing for all variables
All processing complete at Mon 27 Oct 2025 06:36:34 PM PDT
