========================================================================
Wind Shear Computation for nicam_gl11
========================================================================
Model: nicam_gl11
Location: NERSC
Time resolution: 
Zoom level: 
Output directory: /pscratch/sd/p/paccini/temp/hackathon/wind_shear/NICAM
Date range: 2020-03-01 to 2021-03-01
========================================================================
Executing: srun -n 1 -c 32 --cpu_bind=cores python compute_wind_shear.py   --catalog_url "https://digital-earths-global-hackathon.github.io/catalog/catalog.yaml"   --current_location "NERSC"   --catalog_model "nicam_gl11"   --model_time_freq "6H"   --catalog_params '{"zoom": 8, "time":"PT6H"}'   --output_dir "/pscratch/sd/p/paccini/temp/hackathon/wind_shear/NICAM" --start_date "2020-03-01" --end_date "2021-03-01"
======================================================================
Wind Shear Computation Script
======================================================================
Model: nicam_gl11
Location: NERSC
Time resolution: 6H
Output directory: /pscratch/sd/p/paccini/temp/hackathon/wind_shear/NICAM
Date range: 2020-03-01 to 2021-03-01
======================================================================

Loading catalog and dataset...
Opening catalog from https://digital-earths-global-hackathon.github.io/catalog/catalog.yaml
Loading dataset nicam_gl11...
/global/common/software/m1867/python/lp_env/easy/lib/python3.12/site-packages/intake_xarray/base.py:21: FutureWarning: The return type of `Dataset.dims` will be changed to return a set of dimension names in future, in order to be more consistent with `DataArray.dims`. To access a mapping from dimension names to lengths, please use `Dataset.sizes`.
  'dims': dict(self._ds.dims),
Dataset loaded successfully
/global/cfs/cdirs/wcm_code/lpaccini/scripts/waccem_repo_scripts/gsrm_mcs_environments/extract_environments/compute_wind_shear.py:493: FutureWarning: The return type of `Dataset.dims` will be changed to return a set of dimension names in future, in order to be more consistent with `DataArray.dims`. To access a mapping from dimension names to lengths, please use `Dataset.sizes`.
  print(f"Dataset loaded. Dimensions: {dict(ds.dims)}")
Dataset loaded. Dimensions: {'time': 1460, 'lev': 25, 'cell': 786432}
Available variables: ['hur', 'hus', 'qall', 'ta', 'ua', 'va', 'wa', 'zg']

Applying fixes for model: nicam_gl11
  Detected NICAM model: Renaming 'lev' → 'pressure' dimension...
  NICAM model fix complete

Filtering data: 2020-03-01 to 2021-03-01

Processing data by month...

Processing 2021-01...
  Detected pressure units: hectopascals (median value: 400.0 hPa)
  Pressure levels: [1000, 400] hPa (no conversion needed)
  Detected pressure units: hectopascals (median value: 400.0 hPa)
  Pressure levels: [850, 100] hPa (no conversion needed)
  Computing low-shear (400 hPa - 1000 hPa)...
    Low-shear computed successfully
  Computing deep-shear (850 hPa - 100 hPa)...
    Deep-shear computed successfully
  Created new file: /pscratch/sd/p/paccini/temp/hackathon/wind_shear/NICAM/nicam_gl11_wind_shear_hp8_6H.202101.nc

Processing 2021-02...
  Detected pressure units: hectopascals (median value: 400.0 hPa)
  Pressure levels: [1000, 400] hPa (no conversion needed)
  Detected pressure units: hectopascals (median value: 400.0 hPa)
  Pressure levels: [850, 100] hPa (no conversion needed)
  Computing low-shear (400 hPa - 1000 hPa)...
    Low-shear computed successfully
  Computing deep-shear (850 hPa - 100 hPa)...
    Deep-shear computed successfully
  Created new file: /pscratch/sd/p/paccini/temp/hackathon/wind_shear/NICAM/nicam_gl11_wind_shear_hp8_6H.202102.nc

Processing 2020-03...
  Detected pressure units: hectopascals (median value: 400.0 hPa)
  Pressure levels: [1000, 400] hPa (no conversion needed)
  Detected pressure units: hectopascals (median value: 400.0 hPa)
  Pressure levels: [850, 100] hPa (no conversion needed)
  Computing low-shear (400 hPa - 1000 hPa)...
    Low-shear computed successfully
  Computing deep-shear (850 hPa - 100 hPa)...
    Deep-shear computed successfully
  Created new file: /pscratch/sd/p/paccini/temp/hackathon/wind_shear/NICAM/nicam_gl11_wind_shear_hp8_6H.202003.nc

Processing 2021-03...
  Detected pressure units: hectopascals (median value: 400.0 hPa)
  Pressure levels: [1000, 400] hPa (no conversion needed)
  Detected pressure units: hectopascals (median value: 400.0 hPa)
  Pressure levels: [850, 100] hPa (no conversion needed)
  Computing low-shear (400 hPa - 1000 hPa)...
    Low-shear computed successfully
  Computing deep-shear (850 hPa - 100 hPa)...
    Deep-shear computed successfully
  Created new file: /pscratch/sd/p/paccini/temp/hackathon/wind_shear/NICAM/nicam_gl11_wind_shear_hp8_6H.202103.nc

Processing 2020-04...
  Detected pressure units: hectopascals (median value: 400.0 hPa)
  Pressure levels: [1000, 400] hPa (no conversion needed)
  Detected pressure units: hectopascals (median value: 400.0 hPa)
  Pressure levels: [850, 100] hPa (no conversion needed)
  Computing low-shear (400 hPa - 1000 hPa)...
    Low-shear computed successfully
  Computing deep-shear (850 hPa - 100 hPa)...
    Deep-shear computed successfully
  Created new file: /pscratch/sd/p/paccini/temp/hackathon/wind_shear/NICAM/nicam_gl11_wind_shear_hp8_6H.202004.nc

Processing 2020-05...
  Detected pressure units: hectopascals (median value: 400.0 hPa)
  Pressure levels: [1000, 400] hPa (no conversion needed)
  Detected pressure units: hectopascals (median value: 400.0 hPa)
  Pressure levels: [850, 100] hPa (no conversion needed)
  Computing low-shear (400 hPa - 1000 hPa)...
    Low-shear computed successfully
  Computing deep-shear (850 hPa - 100 hPa)...
    Deep-shear computed successfully
  Created new file: /pscratch/sd/p/paccini/temp/hackathon/wind_shear/NICAM/nicam_gl11_wind_shear_hp8_6H.202005.nc

Processing 2020-06...
  Detected pressure units: hectopascals (median value: 400.0 hPa)
  Pressure levels: [1000, 400] hPa (no conversion needed)
  Detected pressure units: hectopascals (median value: 400.0 hPa)
  Pressure levels: [850, 100] hPa (no conversion needed)
  Computing low-shear (400 hPa - 1000 hPa)...
    Low-shear computed successfully
  Computing deep-shear (850 hPa - 100 hPa)...
    Deep-shear computed successfully
  Created new file: /pscratch/sd/p/paccini/temp/hackathon/wind_shear/NICAM/nicam_gl11_wind_shear_hp8_6H.202006.nc

Processing 2020-07...
  Detected pressure units: hectopascals (median value: 400.0 hPa)
  Pressure levels: [1000, 400] hPa (no conversion needed)
  Detected pressure units: hectopascals (median value: 400.0 hPa)
  Pressure levels: [850, 100] hPa (no conversion needed)
  Computing low-shear (400 hPa - 1000 hPa)...
    Low-shear computed successfully
  Computing deep-shear (850 hPa - 100 hPa)...
    Deep-shear computed successfully
  Created new file: /pscratch/sd/p/paccini/temp/hackathon/wind_shear/NICAM/nicam_gl11_wind_shear_hp8_6H.202007.nc

Processing 2020-08...
  Detected pressure units: hectopascals (median value: 400.0 hPa)
  Pressure levels: [1000, 400] hPa (no conversion needed)
  Detected pressure units: hectopascals (median value: 400.0 hPa)
  Pressure levels: [850, 100] hPa (no conversion needed)
  Computing low-shear (400 hPa - 1000 hPa)...
    Low-shear computed successfully
  Computing deep-shear (850 hPa - 100 hPa)...
    Deep-shear computed successfully
  Created new file: /pscratch/sd/p/paccini/temp/hackathon/wind_shear/NICAM/nicam_gl11_wind_shear_hp8_6H.202008.nc

Processing 2020-09...
  Detected pressure units: hectopascals (median value: 400.0 hPa)
  Pressure levels: [1000, 400] hPa (no conversion needed)
  Detected pressure units: hectopascals (median value: 400.0 hPa)
  Pressure levels: [850, 100] hPa (no conversion needed)
  Computing low-shear (400 hPa - 1000 hPa)...
    Low-shear computed successfully
  Computing deep-shear (850 hPa - 100 hPa)...
    Deep-shear computed successfully
  Created new file: /pscratch/sd/p/paccini/temp/hackathon/wind_shear/NICAM/nicam_gl11_wind_shear_hp8_6H.202009.nc

Processing 2020-10...
  Detected pressure units: hectopascals (median value: 400.0 hPa)
  Pressure levels: [1000, 400] hPa (no conversion needed)
  Detected pressure units: hectopascals (median value: 400.0 hPa)
  Pressure levels: [850, 100] hPa (no conversion needed)
  Computing low-shear (400 hPa - 1000 hPa)...
    Low-shear computed successfully
  Computing deep-shear (850 hPa - 100 hPa)...
    Deep-shear computed successfully
  Created new file: /pscratch/sd/p/paccini/temp/hackathon/wind_shear/NICAM/nicam_gl11_wind_shear_hp8_6H.202010.nc

Processing 2020-11...
  Detected pressure units: hectopascals (median value: 400.0 hPa)
  Pressure levels: [1000, 400] hPa (no conversion needed)
  Detected pressure units: hectopascals (median value: 400.0 hPa)
  Pressure levels: [850, 100] hPa (no conversion needed)
  Computing low-shear (400 hPa - 1000 hPa)...
    Low-shear computed successfully
  Computing deep-shear (850 hPa - 100 hPa)...
    Deep-shear computed successfully
  Created new file: /pscratch/sd/p/paccini/temp/hackathon/wind_shear/NICAM/nicam_gl11_wind_shear_hp8_6H.202011.nc

Processing 2020-12...
  Detected pressure units: hectopascals (median value: 400.0 hPa)
  Pressure levels: [1000, 400] hPa (no conversion needed)
  Detected pressure units: hectopascals (median value: 400.0 hPa)
  Pressure levels: [850, 100] hPa (no conversion needed)
  Computing low-shear (400 hPa - 1000 hPa)...
    Low-shear computed successfully
  Computing deep-shear (850 hPa - 100 hPa)...
    Deep-shear computed successfully
  Created new file: /pscratch/sd/p/paccini/temp/hackathon/wind_shear/NICAM/nicam_gl11_wind_shear_hp8_6H.202012.nc

======================================================================
Processing complete!
======================================================================

========================================================================
Processing complete at Mon 27 Oct 2025 04:22:24 PM PDT
========================================================================
