==========================================
Land Fraction Extraction v2 (Batched)
==========================================
Model: scream_ne120
Catalog params: {"zoom": 8}
Date range: 2020-01-01 to 2021-02-27
Output directory: /pscratch/sd/p/paccini/temp/hackathon/updated_land_fractions/for_ifs/
==========================================
============================================================
Land Fraction Extraction for MCS Tracks (v2 - optimized)
============================================================
Model: scream_ne120
Catalog params: {"zoom": 8}
Date range: 2020-01-01 to 2021-02-27
Output directory: /pscratch/sd/p/paccini/temp/hackathon/updated_land_fractions/for_ifs/
============================================================
Using radii: [5.  3.5 2. ]
Opening catalog from https://digital-earths-global-hackathon.github.io/catalog/catalog.yaml
Loading dataset scream_ne120...
Computing HEALPix grid...
Grid: nside=256
Setting up land fraction data (LANDFRAC)...
Loading MCS track data from /pscratch/sd/p/paccini/IFS_mcs_hackathon/ifs_tco3999_rcbmf/stats/mcs_tracks_final_20200101.0000_20210228.2330.nc
After dropping NaN positions: 709549 valid track time points
Filtered to 550128 track time points
Calculating HEALPix indices...
Calculating circular areas for 550128 track positions...
  Progress: 0/550128 positions processed...
  Progress: 50000/550128 positions processed...
  Progress: 100000/550128 positions processed...
  Progress: 150000/550128 positions processed...
  Progress: 200000/550128 positions processed...
  Progress: 250000/550128 positions processed...
  Progress: 300000/550128 positions processed...
  Progress: 350000/550128 positions processed...
  Progress: 400000/550128 positions processed...
  Progress: 450000/550128 positions processed...
  Progress: 500000/550128 positions processed...
  Progress: 550000/550128 positions processed...
Calculated circular areas for 1650384 track-time-radius combinations
Loading land fraction data for 427996 unique pixels...
Successfully loaded land fraction data.
Processing 1650384 areas with batched approach (batch_size=500)...
  Progress: 100000/1650384 areas processed...
  Progress: 200000/1650384 areas processed...
  Progress: 300000/1650384 areas processed...
  Progress: 400000/1650384 areas processed...
  Progress: 500000/1650384 areas processed...
  Progress: 600000/1650384 areas processed...
  Progress: 700000/1650384 areas processed...
  Progress: 800000/1650384 areas processed...
  Progress: 900000/1650384 areas processed...
  Progress: 1000000/1650384 areas processed...
  Progress: 1100000/1650384 areas processed...
  Progress: 1200000/1650384 areas processed...
  Progress: 1300000/1650384 areas processed...
  Progress: 1400000/1650384 areas processed...
  Progress: 1500000/1650384 areas processed...
  Progress: 1600000/1650384 areas processed...
Extracted land fractions for 1650384 track-time-radius combinations
Merging track metadata with land fraction results...
Calculating track summary statistics...
Created summary statistics for 84318 track-radius combinations
Saved detailed land fraction data to /pscratch/sd/p/paccini/temp/hackathon/updated_land_fractions/for_ifs/mcs_land_fractions_scream_ne120_zoom8_detailed.parquet
Saved summary land fraction data to /pscratch/sd/p/paccini/temp/hackathon/updated_land_fractions/for_ifs/mcs_land_fractions_scream_ne120_zoom8_summary.parquet

============================================================
SUMMARY STATISTICS
============================================================
Total tracks processed: 28106
Total track-time points: 1650384
Radii processed: [5.  3.5 2. ]
  Radius 5.0°: 28106 tracks, mean land fraction = 0.374
  Radius 3.5°: 28106 tracks, mean land fraction = 0.387
  Radius 2.0°: 28106 tracks, mean land fraction = 0.401

Extraction completed in 575.78 seconds (9.60 minutes)
============================================================

==========================================
Extraction completed at Sat 11 Oct 2025 11:55:01 PM PDT
==========================================
