==========================================
Land Fraction Extraction v2 (Batched)
==========================================
Model: scream_ne120
Catalog params: {"zoom": 8}
Date range: 2020-01-01 to 2021-03-01
Output directory: /pscratch/sd/p/paccini/temp/hackathon/updated_land_fractions/for_era5_imergv7/
==========================================
============================================================
Land Fraction Extraction for MCS Tracks (v2 - optimized)
============================================================
Model: scream_ne120
Catalog params: {"zoom": 8}
Date range: 2020-01-01 to 2021-03-01
Output directory: /pscratch/sd/p/paccini/temp/hackathon/updated_land_fractions/for_era5_imergv7/
============================================================
Using radii: [5.  3.5 2. ]
Opening catalog from https://digital-earths-global-hackathon.github.io/catalog/catalog.yaml
Loading dataset scream_ne120...
Computing HEALPix grid...
Grid: nside=256
Setting up land fraction data (LANDFRAC)...
After dropping NaN positions: 792876 valid track time points
Filtered to 480882 track time points
Calculating HEALPix indices...
Calculating circular areas for 480882 track positions...
  Progress: 0/480882 positions processed...
  Progress: 50000/480882 positions processed...
  Progress: 100000/480882 positions processed...
  Progress: 150000/480882 positions processed...
  Progress: 200000/480882 positions processed...
  Progress: 250000/480882 positions processed...
  Progress: 300000/480882 positions processed...
  Progress: 350000/480882 positions processed...
  Progress: 400000/480882 positions processed...
  Progress: 450000/480882 positions processed...
Calculated circular areas for 1442646 track-time-radius combinations
Loading land fraction data for 696288 unique pixels...
Successfully loaded land fraction data.
Processing 1442646 areas with batched approach (batch_size=500)...
  Progress: 100000/1442646 areas processed...
  Progress: 200000/1442646 areas processed...
  Progress: 300000/1442646 areas processed...
  Progress: 400000/1442646 areas processed...
  Progress: 500000/1442646 areas processed...
  Progress: 600000/1442646 areas processed...
  Progress: 700000/1442646 areas processed...
  Progress: 800000/1442646 areas processed...
  Progress: 900000/1442646 areas processed...
  Progress: 1000000/1442646 areas processed...
  Progress: 1100000/1442646 areas processed...
  Progress: 1200000/1442646 areas processed...
  Progress: 1300000/1442646 areas processed...
  Progress: 1400000/1442646 areas processed...
Extracted land fractions for 1442646 track-time-radius combinations
Merging track metadata with land fraction results...
Calculating track summary statistics...
Created summary statistics for 75459 track-radius combinations
Saved detailed land fraction data to /pscratch/sd/p/paccini/temp/hackathon/updated_land_fractions/for_era5_imergv7/mcs_land_fractions_scream_ne120_zoom8_detailed.parquet
Saved summary land fraction data to /pscratch/sd/p/paccini/temp/hackathon/updated_land_fractions/for_era5_imergv7/mcs_land_fractions_scream_ne120_zoom8_summary.parquet

============================================================
SUMMARY STATISTICS
============================================================
Total tracks processed: 25153
Total track-time points: 1442646
Radii processed: [5.  3.5 2. ]
  Radius 5.0°: 25153 tracks, mean land fraction = 0.337
  Radius 3.5°: 25153 tracks, mean land fraction = 0.343
  Radius 2.0°: 25153 tracks, mean land fraction = 0.349

Extraction completed in 527.51 seconds (8.79 minutes)
============================================================

==========================================
Extraction completed at Tue 18 Nov 2025 01:43:44 PM PST
==========================================
