WARNING: Land fraction file not found: 
Will process all tracks without land fraction filtering.
Starting environmental variable extraction...
Processing 2 variable(s) across 1 date range(s)
================================================
Processing all variables: tas hflsd
================================================
Processing 1 date ranges
============================================================
Environmental Variable Extraction
============================================================
Model: ifs_tco3999_rcbmf
Output directory: /pscratch/sd/p/paccini/temp/hackathon/updated_environmental_variables/IFS_all
Variables: tas, hflsd
Number of date ranges: 1
============================================================
Using radii: [5.  3.5 2. ]
Opening catalog from https://digital-earths-global-hackathon.github.io/catalog/catalog.yaml
Loading dataset ifs_tco3999_rcbmf...
Resampling IFS data from hourly to 3H...
After resampling: 3401 time steps
Dataset loaded successfully
Detected IFS model: Applying dimension and variable name fixes...
Swapped 'value' → 'cell' dimension
Renamed 'level' → 'pressure' dimension
Renamed variables: {'t': 'ta', 'w': 'omega', 'q': 'hus', 'r': 'hur', '2t': 'tas'}
IFS model fixes complete
Computing HEALPix grid...
Grid: nside=128
Loading MCS track data from /pscratch/sd/p/paccini/IFS_mcs_hackathon/ifs_tco3999_rcbmf/stats/mcs_tracks_final_20200101.0000_20210228.2330.nc
Loaded 21012550 total track-time points
After dropping NaN positions: 709549 valid track time points
After spatial filtering: 698492 track time points
This dataset will be reused for all 2 variable(s) and 1 date range(s)
Calculating HEALPix indices...

============================================================
Processing variable 1/2: tas
============================================================
Setting up variable data (tas)...
Variable data ready

============================================================
Processing date range 1/1
Date range: 2020-01-01 to 2021-03-01
============================================================
Filtered to 698492 track time points for this date range
Subsampling tracks to model frequency: 3H
Subsampled from 698492 to 243477 time points (65.1% reduction)

Aligning track times to dataset times...
Aligning track times to dataset times...
  Dataset has 3401 time steps
  Original unique times: 10199
  Aligned unique times: 3401
  Reduction: 66.7%
Calculating circular areas for 243477 track positions...
  Progress: 0/243477 positions processed...
  Progress: 50000/243477 positions processed...
  Progress: 100000/243477 positions processed...
  Progress: 150000/243477 positions processed...
  Progress: 200000/243477 positions processed...
Calculated circular areas for 730431 track-time-radius combinations
Extracting pre-convective areas (first time step per track)...
Extracted pre-convective areas for 32327 tracks
Creating track time mapping...
Extracting tas statistics for track duration...
Loading tas data for 173007 pixels and 3401 time steps...
Using time batching: 4 batches of up to 1000 time steps
  Loading time batch 1/4: 1000 times...
  Loading time batch 2/4: 1000 times...
  Loading time batch 3/4: 1000 times...
  Loading time batch 4/4: 401 times...
Successfully loaded data for 3401 time steps
Time mapping created: 3401 requested → 3401 actual times
Processing 730431 areas with batched approach (batch_size=500)...
  Progress: 100000/730431 areas processed...
  Progress: 200000/730431 areas processed...
  Progress: 300000/730431 areas processed...
  Progress: 400000/730431 areas processed...
  Progress: 500000/730431 areas processed...
  Progress: 600000/730431 areas processed...
  Progress: 700000/730431 areas processed...
Extracted tas statistics for 730431 combinations
Adding pre-convective data (24 hours before initiation)...
Collecting all pre-convective times and pixels for 32327 tracks...
Loading pre-convective data: 161672 pixels × 3406 times...
Using time batching: 4 batches of up to 1000 time steps
  Loading pre-convective time batch 1/4: 1000 times...
  Loading pre-convective time batch 2/4: 1000 times...
  Loading pre-convective time batch 3/4: 1000 times...
  Loading pre-convective time batch 4/4: 406 times...
Pre-convective data loaded successfully: 3398 time steps
Extracting pre-convective statistics for 32327 tracks...
  Processed 10000/32327 tracks, extracted 240000 data points.
  Processed 20000/32327 tracks, extracted 480000 data points.
  Processed 30000/32327 tracks, extracted 720000 data points.
  Completed processing all 32327 tracks
Added 775848 pre-convective data points
Results saved to: /pscratch/sd/p/paccini/temp/hackathon/updated_environmental_variables/IFS_all/tas/mcs_env_tas_20200101_20210301_tas.parquet

============================================================
SUMMARY STATISTICS - tas - Date range 1/1
============================================================
Total tracks processed: 32327
Total data points: 1506279
Radii processed: [5.  3.5 2. ]
Variable: tas
Time range: -24.0h to 444.0h

Extraction completed in 1026.46 seconds (17.11 minutes)
============================================================

============================================================
VARIABLE tas COMPLETED
============================================================
Processed 1 date range(s)
Total time for tas: 1026.46 seconds (17.11 minutes)
============================================================

============================================================
Processing variable 2/2: hflsd
============================================================
Setting up variable data (hflsd)...
ERROR: Variable 'hflsd' not found in dataset
Skipping hflsd

============================================================
ALL VARIABLES AND DATE RANGES COMPLETED
============================================================
Processed 2 variable(s)
Processed 1 date range(s) per variable
Total time: 1041.41 seconds (17.36 minutes)
Average per variable: 520.71 seconds
============================================================
Completed processing for all variables
All processing complete at Sat 01 Nov 2025 04:32:45 PM PDT
