
Currently Loaded Modules:
  1) craype-x86-milan
  2) libfabric/1.22.0
  3) craype-network-ofi
  4) xpmem/2.9.7-1.1_20250411150514__g191b5f8bea4c
  5) PrgEnv-gnu/8.5.0
  6) cray-dsmml/0.3.0
  7) cray-libsci/24.07.0
  8) cray-mpich/8.1.30
  9) craype/2.7.32
 10) gcc-native/13.2
 11) perftools-base/24.07.0
 12) cpe/24.07
 13) cudatoolkit/12.4
 14) craype-accel-nvidia80
 15) gpu/1.0
 16) sqs/2.0
 17) darshan/default
 18) conda/Miniforge3-24.7.1-0
 19) python/3.11

 

WARNING: Land fraction file not found: 
Will process all tracks without land fraction filtering.
Starting environmental variable extraction...
Processing 1 variable(s) across 1 date range(s)
================================================
Processing all variables: hur
================================================
Processing 1 date ranges
============================================================
Environmental Variable Extraction
============================================================
Model: nicam_gl11
Output directory: /pscratch/sd/p/paccini/temp/hackathon/updated_environmental_variables/NICAM_all
Variables: hur
Number of date ranges: 1
============================================================
Using radii: [5.  3.5 2. ]
Opening catalog from https://digital-earths-global-hackathon.github.io/catalog/catalog.yaml
Loading dataset nicam_gl11...
Computing HEALPix grid...
Grid: nside=256
Loading MCS track data from /pscratch/sd/w/wcmca1/hackathon/mcs/nicam_gl11/stats/mcs_tracks_final_20200301.0000_20210301.0000.nc
Loaded 28791750 total track-time points
After dropping NaN positions: 848439 valid track time points
After spatial filtering: 835403 track time points
This dataset will be reused for all 1 variable(s) and 1 date range(s)
Calculating HEALPix indices...
Using pressure levels: [850.0] hPa

============================================================
Processing variable 1/1: hur
============================================================
Setting up variable data (hur)...
ERROR: Variable 'hur' not found in dataset
Traceback (most recent call last):
  File "/global/common/software/m1867/python/lp_env/easy/lib/python3.12/site-packages/xarray/core/dataset.py", line 1153, in _construct_dataarray
    variable = self._variables[name]
               ~~~~~~~~~~~~~~~^^^^^^
KeyError: 'hur'

During handling of the above exception, another exception occurred:

Traceback (most recent call last):
  File "/global/common/software/m1867/python/lp_env/easy/lib/python3.12/site-packages/xarray/core/dataset.py", line 1252, in __getitem__
    return self._construct_dataarray(key)
           ^^^^^^^^^^^^^^^^^^^^^^^^^^^^^^
  File "/global/common/software/m1867/python/lp_env/easy/lib/python3.12/site-packages/xarray/core/dataset.py", line 1155, in _construct_dataarray
    _, name, variable = _get_virtual_variable(self._variables, name, self.sizes)
                        ^^^^^^^^^^^^^^^^^^^^^^^^^^^^^^^^^^^^^^^^^^^^^^^^^^^^^^^^
  File "/global/common/software/m1867/python/lp_env/easy/lib/python3.12/site-packages/xarray/core/dataset_utils.py", line 79, in _get_virtual_variable
    raise KeyError(key)
KeyError: 'hur'

The above exception was the direct cause of the following exception:

Traceback (most recent call last):
  File "/global/cfs/cdirs/wcm_code/lpaccini/scripts/waccem_repo_scripts/gsrm_mcs_environments/extract_environments/get_env_vars.py", line 1112, in main
    variable_data = ds[variable_name]
                    ~~^^^^^^^^^^^^^^^
  File "/global/common/software/m1867/python/lp_env/easy/lib/python3.12/site-packages/xarray/core/dataset.py", line 1265, in __getitem__
    raise KeyError(message) from e
KeyError: "No variable named 'hur'. Variables on the dataset include ['clivi', 'clt', 'clwvi', 'hflsd', 'hfssd', ..., 'crs', 'cell', 'lat', 'lon', 'time']"

During handling of the above exception, another exception occurred:

Traceback (most recent call last):
  File "/global/cfs/cdirs/wcm_code/lpaccini/scripts/waccem_repo_scripts/gsrm_mcs_environments/extract_environments/get_env_vars.py", line 1333, in <module>
    main()
  File "/global/cfs/cdirs/wcm_code/lpaccini/scripts/waccem_repo_scripts/gsrm_mcs_environments/extract_environments/get_env_vars.py", line 1148, in main
    print(f"Available variables: {list(df_spatial_filtered.data_vars.keys())}")
                                       ^^^^^^^^^^^^^^^^^^^^^^^^^^^^^
  File "/global/common/software/m1867/python/lp_env/easy/lib/python3.12/site-packages/pandas/core/generic.py", line 6299, in __getattr__
    return object.__getattribute__(self, name)
           ^^^^^^^^^^^^^^^^^^^^^^^^^^^^^^^^^^^
AttributeError: 'DataFrame' object has no attribute 'data_vars'
srun: error: nid004449: task 0: Exited with exit code 1
srun: Terminating StepId=44261704.0
Completed processing for all variables
All processing complete at Tue 21 Oct 2025 04:09:24 PM PDT
