WARNING: Land fraction file not found: 
Will process all tracks without land fraction filtering.
Starting environmental variable extraction...
Processing 1 variable(s) across 1 date range(s)
================================================
Processing all variables: prw
================================================
Processing 1 date ranges
============================================================
Environmental Variable Extraction
============================================================
Model: scream_ne120
Output directory: /pscratch/sd/p/paccini/temp/hackathon/updated_environmental_variables/ERA5_IMERGv7_all
Variables: prw
Number of date ranges: 1
============================================================
Using radii: [2.]
Loading dataset from zarr file: /pscratch/sd/w/wcmca1/hackathon/healpix/era5/era5_3H_zoom8_20190101_20211231_v0.zarr

Applying model-specific fixes for: era5
  Renamed dimension: 'level' → 'pressure'
Loaded zarr dataset: era5
Time range: 2019-01-01T00:00:00.000000000 to 2021-12-31T21:00:00.000000000
Available variables: ['d2m', 'hfssd', 'hur', 'hus', 'ie', 'omega', 'prw', 'ps', 'psl', 'sstk', 'ta', 'tas', 'u10', 'ua', 'v10', 'va', 'zg']
Computing HEALPix grid...
Grid: nside=256
Loading MCS track data from /global/cfs/cdirs/wcm_shr/hk25/mcs//IMERGv7/stats/mcs_tracks_final_20190801.0000_20200901.0000.nc
Loaded 16256000 total track-time points
After dropping NaN positions: 792876 valid track time points
After spatial filtering: 783398 track time points
This dataset will be reused for all 1 variable(s) and 1 date range(s)
Calculating HEALPix indices...

============================================================
Processing variable 1/1: prw
============================================================
Setting up variable data (prw)...
Variable data ready

============================================================
Processing date range 1/1
Date range: 2019-08-01 to 2020-09-02
============================================================
Filtered to 783398 track time points for this date range
Subsampling tracks to model frequency: 3H
Subsampled from 783398 to 274652 time points (64.9% reduction)
Calculating circular areas for 274652 track positions...
  Progress: 0/274652 positions processed...
  Progress: 50000/274652 positions processed...
  Progress: 100000/274652 positions processed...
  Progress: 150000/274652 positions processed...
  Progress: 200000/274652 positions processed...
  Progress: 250000/274652 positions processed...
Calculated circular areas for 274652 track-time-radius combinations
Extracting pre-convective areas (first time step per track)...
Extracted pre-convective areas for 40640 tracks
Creating track time mapping...
Extracting prw statistics for track duration...
Loading prw data for 655953 pixels and 9525 time steps...
Using time batching: 20 batches of up to 500 time steps
  Loading time batch 1/20: 500 times...
  Loading time batch 2/20: 500 times...
  Loading time batch 3/20: 500 times...
  Loading time batch 4/20: 500 times...
  Loading time batch 5/20: 500 times...
  Loading time batch 6/20: 500 times...
  Loading time batch 7/20: 500 times...
  Loading time batch 8/20: 500 times...
  Loading time batch 9/20: 500 times...
  Loading time batch 10/20: 500 times...
  Loading time batch 11/20: 500 times...
  Loading time batch 12/20: 500 times...
  Loading time batch 13/20: 500 times...
  Loading time batch 14/20: 500 times...
  Loading time batch 15/20: 500 times...
  Loading time batch 16/20: 500 times...
  Loading time batch 17/20: 500 times...
  Loading time batch 18/20: 500 times...
  Loading time batch 19/20: 500 times...
  Loading time batch 20/20: 25 times...
Successfully loaded data for 3177 time steps
Time mapping created: 9525 requested → 3177 actual times
Processing 274652 areas with batched approach (batch_size=500)...
  Progress: 100000/274652 areas processed...
  Progress: 200000/274652 areas processed...
Extracted prw statistics for 274652 combinations
Adding pre-convective data (24 hours before initiation)...
Collecting all pre-convective times and pixels for 40640 tracks...
Loading pre-convective data: 597777 pixels × 9544 times...
Using time batching: 20 batches of up to 500 time steps
  Loading pre-convective time batch 1/20: 500 times...
  Loading pre-convective time batch 2/20: 500 times...
  Loading pre-convective time batch 3/20: 500 times...
  Loading pre-convective time batch 4/20: 500 times...
  Loading pre-convective time batch 5/20: 500 times...
  Loading pre-convective time batch 6/20: 500 times...
  Loading pre-convective time batch 7/20: 500 times...
  Loading pre-convective time batch 8/20: 500 times...
  Loading pre-convective time batch 9/20: 500 times...
  Loading pre-convective time batch 10/20: 500 times...
  Loading pre-convective time batch 11/20: 500 times...
  Loading pre-convective time batch 12/20: 500 times...
  Loading pre-convective time batch 13/20: 500 times...
  Loading pre-convective time batch 14/20: 500 times...
  Loading pre-convective time batch 15/20: 500 times...
  Loading pre-convective time batch 16/20: 500 times...
  Loading pre-convective time batch 17/20: 500 times...
  Loading pre-convective time batch 18/20: 500 times...
  Loading pre-convective time batch 19/20: 500 times...
  Loading pre-convective time batch 20/20: 44 times...
Pre-convective data loaded successfully: 3182 time steps
Extracting pre-convective statistics for 40640 tracks...
  Processed 10000/40640 tracks, extracted 80000 data points.
  Processed 20000/40640 tracks, extracted 160000 data points.
  Processed 30000/40640 tracks, extracted 240000 data points.
  Processed 40000/40640 tracks, extracted 320000 data points.
  Completed processing all 40640 tracks
Added 325120 pre-convective data points
Results saved to: /pscratch/sd/p/paccini/temp/hackathon/updated_environmental_variables/ERA5_IMERGv7_all/prw/mcs_env_prw_20190801_20200902_prw.parquet

============================================================
SUMMARY STATISTICS - prw - Date range 1/1
============================================================
Total tracks processed: 40640
Total data points: 599772
Radii processed: [2.]
Variable: prw
Time range: -24.0h to 246.0h

Extraction completed in 3139.43 seconds (52.32 minutes)
============================================================

============================================================
VARIABLE prw COMPLETED
============================================================
Processed 1 date range(s)
Total time for prw: 3139.43 seconds (52.32 minutes)
============================================================

============================================================
ALL VARIABLES AND DATE RANGES COMPLETED
============================================================
Processed 1 variable(s)
Processed 1 date range(s) per variable
Total time: 3164.12 seconds (52.74 minutes)
Average per variable: 3164.12 seconds
============================================================
Completed processing for all variables
All processing complete at Mon 17 Nov 2025 11:26:12 PM PST
