WARNING: Land fraction file not found: 
Will process all tracks without land fraction filtering.
Starting environmental variable extraction...
Processing 1 variable(s) across 1 date range(s)
================================================
Processing all variables: deep_shear_magnitude
================================================
Using pre-computed data from: /pscratch/sd/p/paccini/temp/hackathon/wind_shear/ERA5/
Using filename pattern: era5_wind_shear_hp8_3H
Processing 1 date ranges
============================================================
Environmental Variable Extraction
============================================================
Model: scream_ne120
Output directory: /pscratch/sd/p/paccini/temp/hackathon/updated_environmental_variables/ERA5_IMERGv7_all
Variables: deep_shear_magnitude
Number of date ranges: 1
============================================================
Using radii: [2.]
Loading dataset from zarr file: /pscratch/sd/w/wcmca1/hackathon/healpix/era5/era5_3H_zoom8_20190101_20211231_v0.zarr

Applying model-specific fixes for: era5
  Renamed dimension: 'level' → 'pressure'
Loaded zarr dataset: era5
Time range: 2019-01-01T00:00:00.000000000 to 2021-12-31T21:00:00.000000000
Available variables: ['d2m', 'hfssd', 'hur', 'hus', 'ie', 'omega', 'prw', 'ps', 'psl', 'sstk', 'ta', 'tas', 'u10', 'ua', 'v10', 'va', 'zg']
Computing HEALPix grid...
Grid: nside=256
Loading MCS track data from /global/cfs/cdirs/wcm_shr/hk25/mcs//IMERGv7/stats/mcs_tracks_final_20190801.0000_20200901.0000.nc
Loaded 16256000 total track-time points
After dropping NaN positions: 792876 valid track time points
After spatial filtering: 783398 track time points
This dataset will be reused for all 1 variable(s) and 1 date range(s)
Calculating HEALPix indices...

============================================================
Processing variable 1/1: deep_shear_magnitude
============================================================
Loading pre-computed variable from /pscratch/sd/p/paccini/temp/hackathon/wind_shear/ERA5/

============================================================
Processing date range 1/1
Date range: 2019-08-01 to 2020-09-02
============================================================
Loading pre-computed variable 'deep_shear_magnitude' from /pscratch/sd/p/paccini/temp/hackathon/wind_shear/ERA5/
Loading 14 pre-computed file(s)...
Loaded pre-computed variable: deep_shear_magnitude, shape: (3192, 786432)
Pre-computed variable data ready
Filtered to 783398 track time points for this date range
Subsampling tracks to model frequency: 3H
Subsampled from 783398 to 274652 time points (64.9% reduction)
Calculating circular areas for 274652 track positions...
  Progress: 0/274652 positions processed...
  Progress: 50000/274652 positions processed...
  Progress: 100000/274652 positions processed...
  Progress: 150000/274652 positions processed...
  Progress: 200000/274652 positions processed...
  Progress: 250000/274652 positions processed...
Calculated circular areas for 274652 track-time-radius combinations
Extracting pre-convective areas (first time step per track)...
Extracted pre-convective areas for 40640 tracks
Creating track time mapping...
Extracting deep_shear_magnitude statistics for track duration...
Loading deep_shear_magnitude data for 655953 pixels and 9525 time steps...
Using time batching: 10 batches of up to 1000 time steps
  Loading time batch 1/10: 1000 times...
  Loading time batch 2/10: 1000 times...
  Loading time batch 3/10: 1000 times...
  Loading time batch 4/10: 1000 times...
  Loading time batch 5/10: 1000 times...
  Loading time batch 6/10: 1000 times...
  Loading time batch 7/10: 1000 times...
  Loading time batch 8/10: 1000 times...
  Loading time batch 9/10: 1000 times...
  Loading time batch 10/10: 525 times...
Successfully loaded data for 3177 time steps
Time mapping created: 9525 requested → 3177 actual times
Processing 274652 areas with batched approach (batch_size=500)...
  Progress: 100000/274652 areas processed...
  Progress: 200000/274652 areas processed...
Extracted deep_shear_magnitude statistics for 274652 combinations
Adding pre-convective data (24 hours before initiation)...
Collecting all pre-convective times and pixels for 40640 tracks...
Loading pre-convective data: 597777 pixels × 9544 times...
Using time batching: 10 batches of up to 1000 time steps
  Loading pre-convective time batch 1/10: 1000 times...
  Loading pre-convective time batch 2/10: 1000 times...
  Loading pre-convective time batch 3/10: 1000 times...
  Loading pre-convective time batch 4/10: 1000 times...
  Loading pre-convective time batch 5/10: 1000 times...
  Loading pre-convective time batch 6/10: 1000 times...
  Loading pre-convective time batch 7/10: 1000 times...
  Loading pre-convective time batch 8/10: 1000 times...
  Loading pre-convective time batch 9/10: 1000 times...
  Loading pre-convective time batch 10/10: 544 times...
Pre-convective data loaded successfully: 3174 time steps
Extracting pre-convective statistics for 40640 tracks...
  Processed 10000/40640 tracks, extracted 80000 data points.
  Processed 20000/40640 tracks, extracted 160000 data points.
  Processed 30000/40640 tracks, extracted 240000 data points.
  Processed 40000/40640 tracks, extracted 320000 data points.
  Completed processing all 40640 tracks
Added 325120 pre-convective data points
Results saved to: /pscratch/sd/p/paccini/temp/hackathon/updated_environmental_variables/ERA5_IMERGv7_all/deep_shear_magnitude/mcs_env_deep_shear_magnitude_20190801_20200902_deep_shear_magnitude.parquet

============================================================
SUMMARY STATISTICS - deep_shear_magnitude - Date range 1/1
============================================================
Total tracks processed: 40640
Total data points: 599772
Radii processed: [2.]
Variable: deep_shear_magnitude
Time range: -24.0h to 246.0h

Extraction completed in 3149.89 seconds (52.50 minutes)
============================================================

============================================================
VARIABLE deep_shear_magnitude COMPLETED
============================================================
Processed 1 date range(s)
Total time for deep_shear_magnitude: 3149.89 seconds (52.50 minutes)
============================================================

============================================================
ALL VARIABLES AND DATE RANGES COMPLETED
============================================================
Processed 1 variable(s)
Processed 1 date range(s) per variable
Total time: 3175.85 seconds (52.93 minutes)
Average per variable: 3175.85 seconds
============================================================
Completed processing for all variables
All processing complete at Tue 18 Nov 2025 12:47:49 PM PST
