WARNING: Land fraction file not found: 
Will process all tracks without land fraction filtering.
Starting environmental variable extraction...
Processing 1 variable(s) across 1 date range(s)
================================================
Processing all variables: hus
================================================
Processing 1 date ranges
============================================================
Environmental Variable Extraction
============================================================
Model: icon_d3hp003
Output directory: /pscratch/sd/p/paccini/temp/hackathon/updated_environmental_variables/ICON_all
Variables: hus
Number of date ranges: 1
============================================================
Using radii: [5.  3.5 2. ]
Opening catalog from https://digital-earths-global-hackathon.github.io/catalog/catalog.yaml
Loading dataset icon_d3hp003...
Computing HEALPix grid...
Grid: nside=256
Loading MCS track data from /global/cfs/cdirs/m4581/gsharing/hackathon/tracking/mcs/icon_d3hp003/stats/mcs_tracks_final_20200102.0000_20201231.2330.nc
Loaded 28325050 total track-time points
After dropping NaN positions: 818949 valid track time points
After spatial filtering: 801717 track time points
This dataset will be reused for all 1 variable(s) and 1 date range(s)
Calculating HEALPix indices...
Using pressure levels: [500.0] hPa

============================================================
Processing variable 1/1: hus
============================================================
Setting up variable data (hus)...
3D variable detected with pressure dimension
Requested pressure levels: [500.0] hPa
  Detected pressure units: Pascals (median value: 22500.0 Pa)
  Converting pressure levels from hPa to Pa: [500.0] hPa → [50000.0] Pa
Variable data ready

============================================================
Processing date range 1/1
Date range: 2020-01-02 to 2021-01-01
============================================================
Filtered to 801717 track time points for this date range
Subsampling tracks to model frequency: 6H
Subsampled from 801717 to 151675 time points (81.1% reduction)
Calculating circular areas for 151675 track positions...
  Progress: 0/151675 positions processed...
  Progress: 50000/151675 positions processed...
  Progress: 100000/151675 positions processed...
  Progress: 150000/151675 positions processed...
Calculated circular areas for 455025 track-time-radius combinations
Extracting pre-convective areas (first time step per track)...
Extracted pre-convective areas for 43577 tracks
Creating track time mapping...
Extracting hus statistics for track duration...
Loading hus data for 697523 pixels and 8760 time steps...
Time mapping created: 8760 requested → 8760 actual times
Processing 455025 areas with batched approach (batch_size=500)...
  Progress: 100000/455025 areas processed...
  Progress: 200000/455025 areas processed...
  Progress: 300000/455025 areas processed...
  Progress: 400000/455025 areas processed...
Extracted hus statistics for 455025 combinations
Adding pre-convective data (24 hours before initiation)...
Collecting all pre-convective times and pixels for 43577 tracks...
Loading pre-convective data: 683703 pixels × 8773 times...
Pre-convective data loaded successfully
Extracting pre-convective statistics for 43577 tracks...
  Processed 10000/43577 tracks, extracted 120000 data points.
  Processed 20000/43577 tracks, extracted 240000 data points.
  Processed 30000/43577 tracks, extracted 360000 data points.
  Processed 40000/43577 tracks, extracted 480000 data points.
  Completed processing all 43577 tracks
Added 522924 pre-convective data points
Results saved to: /pscratch/sd/p/paccini/temp/hackathon/updated_environmental_variables/ICON_all/hus/mcs_env_hus_20200102_20210101_hus_500hPa.parquet

============================================================
SUMMARY STATISTICS - hus - Date range 1/1
============================================================
Total tracks processed: 43577
Total data points: 977949
Radii processed: [5.  3.5 2. ]
Variable: hus
Time range: -24.0h to 306.0h

Extraction completed in 841.48 seconds (14.02 minutes)
============================================================

============================================================
VARIABLE hus COMPLETED
============================================================
Processed 1 date range(s)
Total time for hus: 868.41 seconds (14.47 minutes)
============================================================

============================================================
ALL VARIABLES AND DATE RANGES COMPLETED
============================================================
Processed 1 variable(s)
Processed 1 date range(s) per variable
Total time: 897.74 seconds (14.96 minutes)
Average per variable: 897.74 seconds
============================================================
Completed processing for all variables
All processing complete at Tue 28 Oct 2025 08:07:48 PM PDT
