==========================================
Land Fraction Extraction v2 (Batched)
==========================================
Model: icon_d3hp003
Catalog params: {"zoom": 8}
Date range: 2020-01-01 to 2021-03-01
Output directory: /pscratch/sd/p/paccini/temp/hackathon/updated_land_fractions/
==========================================
============================================================
Land Fraction Extraction for MCS Tracks (v2 - optimized)
============================================================
Model: icon_d3hp003
Catalog params: {"zoom": 8}
Date range: 2020-01-01 to 2021-03-01
Output directory: /pscratch/sd/p/paccini/temp/hackathon/updated_land_fractions/
============================================================
Using radii: [5.  3.5 2. ]
Opening catalog from https://digital-earths-global-hackathon.github.io/catalog/catalog.yaml
Loading dataset icon_d3hp003...
Computing HEALPix grid...
Grid: nside=256
Setting up land fraction data (sftlf)...
Loading MCS track data from /global/cfs/cdirs/m4581/gsharing/hackathon/tracking/mcs/icon_d3hp003/stats/mcs_tracks_final_20200102.0000_20201231.2330.nc
After dropping NaN positions: 818949 valid track time points
Filtered to 588742 track time points
Calculating HEALPix indices...
Calculating circular areas for 588742 track positions...
  Progress: 0/588742 positions processed...
  Progress: 50000/588742 positions processed...
  Progress: 100000/588742 positions processed...
  Progress: 150000/588742 positions processed...
  Progress: 200000/588742 positions processed...
  Progress: 250000/588742 positions processed...
  Progress: 300000/588742 positions processed...
  Progress: 350000/588742 positions processed...
  Progress: 400000/588742 positions processed...
  Progress: 450000/588742 positions processed...
  Progress: 500000/588742 positions processed...
  Progress: 550000/588742 positions processed...
Calculated circular areas for 1766226 track-time-radius combinations
Loading land fraction data for 435956 unique pixels...
Successfully loaded land fraction data.
Processing 1766226 areas with batched approach (batch_size=500)...
  Progress: 100000/1766226 areas processed...
  Progress: 200000/1766226 areas processed...
  Progress: 300000/1766226 areas processed...
  Progress: 400000/1766226 areas processed...
  Progress: 500000/1766226 areas processed...
  Progress: 600000/1766226 areas processed...
  Progress: 700000/1766226 areas processed...
  Progress: 800000/1766226 areas processed...
  Progress: 900000/1766226 areas processed...
  Progress: 1000000/1766226 areas processed...
  Progress: 1100000/1766226 areas processed...
  Progress: 1200000/1766226 areas processed...
  Progress: 1300000/1766226 areas processed...
  Progress: 1400000/1766226 areas processed...
  Progress: 1500000/1766226 areas processed...
  Progress: 1600000/1766226 areas processed...
  Progress: 1700000/1766226 areas processed...
Extracted land fractions for 1186935 track-time-radius combinations
Merging track metadata with land fraction results...
Calculating track summary statistics...
Created summary statistics for 82002 track-radius combinations
Saved detailed land fraction data to /pscratch/sd/p/paccini/temp/hackathon/updated_land_fractions/mcs_land_fractions_icon_d3hp003_zoom8_detailed.parquet
Saved summary land fraction data to /pscratch/sd/p/paccini/temp/hackathon/updated_land_fractions/mcs_land_fractions_icon_d3hp003_zoom8_summary.parquet

============================================================
SUMMARY STATISTICS
============================================================
Total tracks processed: 29314
Total track-time points: 1186935
Radii processed: [5.  3.5 2. ]
  Radius 5.0°: 29314 tracks, mean land fraction = 0.684
  Radius 3.5°: 27539 tracks, mean land fraction = 0.687
  Radius 2.0°: 25149 tracks, mean land fraction = 0.691

Extraction completed in 616.85 seconds (10.28 minutes)
============================================================

==========================================
Extraction completed at Sat 11 Oct 2025 10:47:51 PM PDT
==========================================
