WARNING: Land fraction file not found: 
Will process all tracks without land fraction filtering.
Starting environmental variable extraction...
Processing 2 variable(s) across 1 date range(s)
================================================
Processing all variables: tas hflsd
================================================
Processing 1 date ranges
============================================================
Environmental Variable Extraction
============================================================
Model: um_glm_n2560_RAL3p3
Output directory: /pscratch/sd/p/paccini/temp/hackathon/updated_environmental_variables/UM_all
Variables: tas, hflsd
Number of date ranges: 1
============================================================
Using radii: [5.  3.5 2. ]
Opening catalog from https://digital-earths-global-hackathon.github.io/catalog/catalog.yaml
Loading dataset um_glm_n2560_RAL3p3...
Computing HEALPix grid...
Grid: nside=256
Loading MCS track data from /global/cfs/cdirs/m4581/gsharing/hackathon/tracking/mcs/um_glm_n2560_RAL3p3/stats/mcs_tracks_final_20200201.0000_20210301.0000.nc
Loaded 25571000 total track-time points
After dropping NaN positions: 808587 valid track time points
After spatial filtering: 801134 track time points
This dataset will be reused for all 2 variable(s) and 1 date range(s)
Calculating HEALPix indices...

============================================================
Processing variable 1/2: tas
============================================================
Setting up variable data (tas)...
Variable data ready

============================================================
Processing date range 1/1
Date range: 2020-02-01 to 2021-03-31
============================================================
Filtered to 801134 track time points for this date range
Subsampling tracks to model frequency: 3H
Subsampled from 801134 to 280074 time points (65.0% reduction)
Calculating circular areas for 280074 track positions...
  Progress: 0/280074 positions processed...
  Progress: 50000/280074 positions processed...
  Progress: 100000/280074 positions processed...
  Progress: 150000/280074 positions processed...
  Progress: 200000/280074 positions processed...
  Progress: 250000/280074 positions processed...
Calculated circular areas for 840222 track-time-radius combinations
Extracting pre-convective areas (first time step per track)...
Extracted pre-convective areas for 39340 tracks
Creating track time mapping...
Extracting tas statistics for track duration...
Loading tas data for 700587 pixels and 9456 time steps...
Time mapping created: 9456 requested → 9456 actual times
Processing 840222 areas with batched approach (batch_size=500)...
  Progress: 100000/840222 areas processed...
  Progress: 200000/840222 areas processed...
  Progress: 300000/840222 areas processed...
  Progress: 400000/840222 areas processed...
  Progress: 500000/840222 areas processed...
  Progress: 600000/840222 areas processed...
  Progress: 700000/840222 areas processed...
  Progress: 800000/840222 areas processed...
Extracted tas statistics for 840222 combinations
Adding pre-convective data (24 hours before initiation)...
Collecting all pre-convective times and pixels for 39340 tracks...
Loading pre-convective data: 657521 pixels × 9471 times...
Pre-convective data loaded successfully
Extracting pre-convective statistics for 39340 tracks...
  Processed 10000/39340 tracks, extracted 240000 data points.
  Processed 20000/39340 tracks, extracted 480000 data points.
  Processed 30000/39340 tracks, extracted 720000 data points.
  Completed processing all 39340 tracks
Added 944160 pre-convective data points
Results saved to: /pscratch/sd/p/paccini/temp/hackathon/updated_environmental_variables/UM_all/tas/mcs_env_tas_20200201_20210331_tas.parquet

============================================================
SUMMARY STATISTICS - tas - Date range 1/1
============================================================
Total tracks processed: 39340
Total data points: 1784382
Radii processed: [5.  3.5 2. ]
Variable: tas
Time range: -24.0h to 312.0h

Extraction completed in 1392.78 seconds (23.21 minutes)
============================================================

============================================================
VARIABLE tas COMPLETED
============================================================
Processed 1 date range(s)
Total time for tas: 1392.78 seconds (23.21 minutes)
============================================================

============================================================
Processing variable 2/2: hflsd
============================================================
Setting up variable data (hflsd)...
Variable data ready

============================================================
Processing date range 1/1
Date range: 2020-02-01 to 2021-03-31
============================================================
Filtered to 801134 track time points for this date range
Subsampling tracks to model frequency: 3H
Subsampled from 801134 to 280074 time points (65.0% reduction)
Calculating circular areas for 280074 track positions...
  Progress: 0/280074 positions processed...
  Progress: 50000/280074 positions processed...
  Progress: 100000/280074 positions processed...
  Progress: 150000/280074 positions processed...
  Progress: 200000/280074 positions processed...
  Progress: 250000/280074 positions processed...
Calculated circular areas for 840222 track-time-radius combinations
Extracting pre-convective areas (first time step per track)...
Extracted pre-convective areas for 39340 tracks
Creating track time mapping...
Extracting hflsd statistics for track duration...
Loading hflsd data for 700587 pixels and 9456 time steps...
Time mapping created: 9456 requested → 9456 actual times
Processing 840222 areas with batched approach (batch_size=500)...
  Progress: 100000/840222 areas processed...
  Progress: 200000/840222 areas processed...
  Progress: 300000/840222 areas processed...
slurmstepd: error: *** STEP 44715537.0 ON nid004472 CANCELLED AT 2025-11-02T00:04:23 DUE TO TIME LIMIT ***
slurmstepd: error: *** JOB 44715537 ON nid004472 CANCELLED AT 2025-11-02T00:04:23 DUE TO TIME LIMIT ***
srun: Job step aborted: Waiting up to 32 seconds for job step to finish.
