==========================================
Land Fraction Extraction v2 (Batched)
==========================================
Model: icon_d3hp003
Catalog params: {"zoom": 8}
Date range: 2020-01-01 to 2021-03-01
Output directory: /pscratch/sd/p/paccini/temp/hackathon/updated_land_fractions/
==========================================
============================================================
Land Fraction Extraction for MCS Tracks (v2 - optimized)
============================================================
Model: icon_d3hp003
Catalog params: {"zoom": 8}
Date range: 2020-01-01 to 2021-03-01
Output directory: /pscratch/sd/p/paccini/temp/hackathon/updated_land_fractions/
============================================================
Using radii: [5.  3.5 2. ]
Opening catalog from https://digital-earths-global-hackathon.github.io/catalog/catalog.yaml
Loading dataset icon_d3hp003...
Computing HEALPix grid...
Grid: nside=256
Setting up land fraction data (sftlf)...
After dropping NaN positions: 818949 valid track time points
Filtered to 595527 track time points
Calculating HEALPix indices...
Calculating circular areas for 595527 track positions...
  Progress: 0/595527 positions processed...
  Progress: 50000/595527 positions processed...
  Progress: 100000/595527 positions processed...
  Progress: 150000/595527 positions processed...
  Progress: 200000/595527 positions processed...
  Progress: 250000/595527 positions processed...
  Progress: 300000/595527 positions processed...
  Progress: 350000/595527 positions processed...
  Progress: 400000/595527 positions processed...
  Progress: 450000/595527 positions processed...
  Progress: 500000/595527 positions processed...
  Progress: 550000/595527 positions processed...
Calculated circular areas for 1786581 track-time-radius combinations
Loading land fraction data for 436035 unique pixels...
Successfully loaded land fraction data.
Processing 1786581 areas with batched approach (batch_size=500)...
  Progress: 100000/1786581 areas processed...
  Progress: 200000/1786581 areas processed...
  Progress: 300000/1786581 areas processed...
  Progress: 400000/1786581 areas processed...
  Progress: 500000/1786581 areas processed...
  Progress: 600000/1786581 areas processed...
  Progress: 700000/1786581 areas processed...
  Progress: 800000/1786581 areas processed...
  Progress: 900000/1786581 areas processed...
  Progress: 1000000/1786581 areas processed...
  Progress: 1100000/1786581 areas processed...
  Progress: 1200000/1786581 areas processed...
  Progress: 1300000/1786581 areas processed...
  Progress: 1400000/1786581 areas processed...
  Progress: 1500000/1786581 areas processed...
  Progress: 1600000/1786581 areas processed...
  Progress: 1700000/1786581 areas processed...
Extracted land fractions for 1786581 track-time-radius combinations
Merging track metadata with land fraction results...
Calculating track summary statistics...
Created summary statistics for 107280 track-radius combinations
Saved detailed land fraction data to /pscratch/sd/p/paccini/temp/hackathon/updated_land_fractions/mcs_land_fractions_icon_d3hp003_zoom8_detailed.parquet
Saved summary land fraction data to /pscratch/sd/p/paccini/temp/hackathon/updated_land_fractions/mcs_land_fractions_icon_d3hp003_zoom8_summary.parquet

============================================================
SUMMARY STATISTICS
============================================================
Total tracks processed: 35760
Total track-time points: 1786581
Radii processed: [5.  3.5 2. ]
  Radius 5.0°: 35760 tracks, mean land fraction = 0.350
  Radius 3.5°: 35760 tracks, mean land fraction = 0.356
  Radius 2.0°: 35760 tracks, mean land fraction = 0.361

Extraction completed in 647.60 seconds (10.79 minutes)
============================================================

==========================================
Extraction completed at Fri 17 Oct 2025 09:41:37 PM PDT
==========================================
