==========================================
Land Fraction Extraction v2 (Batched)
==========================================
Model: scream_ne120
Catalog params: {"zoom": 8}
Date range: 2020-01-01 to 2020-12-31
Output directory: /pscratch/sd/p/paccini/temp/hackathon/updated_land_fractions/for_era5/
==========================================
============================================================
Land Fraction Extraction for MCS Tracks (v2 - optimized)
============================================================
Model: scream_ne120
Catalog params: {"zoom": 8}
Date range: 2020-01-01 to 2020-12-31
Output directory: /pscratch/sd/p/paccini/temp/hackathon/updated_land_fractions/for_era5/
============================================================
Using radii: [5.  3.5 2. ]
Opening catalog from https://digital-earths-global-hackathon.github.io/catalog/catalog.yaml
Loading dataset scream_ne120...
Computing HEALPix grid...
Grid: nside=256
Setting up land fraction data (LANDFRAC)...
Loading MCS track data from /pscratch/sd/f/feng045/waccem/mcs_global/stats/mcs_tracks_final_extc_20200101.0000_20210101.0000.nc
After dropping NaN positions: 620555 valid track time points
Filtered to 484057 track time points
Calculating HEALPix indices...
Calculating circular areas for 484057 track positions...
  Progress: 0/484057 positions processed...
  Progress: 50000/484057 positions processed...
  Progress: 100000/484057 positions processed...
  Progress: 150000/484057 positions processed...
  Progress: 200000/484057 positions processed...
  Progress: 250000/484057 positions processed...
  Progress: 300000/484057 positions processed...
  Progress: 350000/484057 positions processed...
  Progress: 400000/484057 positions processed...
  Progress: 450000/484057 positions processed...
Calculated circular areas for 1452171 track-time-radius combinations
Loading land fraction data for 428016 unique pixels...
Successfully loaded land fraction data.
Processing 1452171 areas with batched approach (batch_size=500)...
  Progress: 100000/1452171 areas processed...
  Progress: 200000/1452171 areas processed...
  Progress: 300000/1452171 areas processed...
  Progress: 400000/1452171 areas processed...
  Progress: 500000/1452171 areas processed...
  Progress: 600000/1452171 areas processed...
  Progress: 700000/1452171 areas processed...
  Progress: 800000/1452171 areas processed...
  Progress: 900000/1452171 areas processed...
  Progress: 1000000/1452171 areas processed...
  Progress: 1100000/1452171 areas processed...
  Progress: 1200000/1452171 areas processed...
  Progress: 1300000/1452171 areas processed...
  Progress: 1400000/1452171 areas processed...
Extracted land fractions for 1452171 track-time-radius combinations
Merging track metadata with land fraction results...
Calculating track summary statistics...
Created summary statistics for 79098 track-radius combinations
Saved detailed land fraction data to /pscratch/sd/p/paccini/temp/hackathon/updated_land_fractions/for_era5/mcs_land_fractions_scream_ne120_zoom8_detailed.parquet
Saved summary land fraction data to /pscratch/sd/p/paccini/temp/hackathon/updated_land_fractions/for_era5/mcs_land_fractions_scream_ne120_zoom8_summary.parquet

============================================================
SUMMARY STATISTICS
============================================================
Total tracks processed: 26366
Total track-time points: 1452171
Radii processed: [5.  3.5 2. ]
  Radius 5.0°: 26366 tracks, mean land fraction = 0.314
  Radius 3.5°: 26366 tracks, mean land fraction = 0.321
  Radius 2.0°: 26366 tracks, mean land fraction = 0.326

Extraction completed in 506.94 seconds (8.45 minutes)
============================================================

==========================================
Extraction completed at Sat 11 Oct 2025 11:43:43 PM PDT
==========================================
