
Currently Loaded Modules:
  1) craype-x86-milan
  2) libfabric/1.22.0
  3) craype-network-ofi
  4) xpmem/2.9.7-1.1_20250411150514__g191b5f8bea4c
  5) PrgEnv-gnu/8.5.0
  6) cray-dsmml/0.3.0
  7) cray-libsci/24.07.0
  8) cray-mpich/8.1.30
  9) craype/2.7.32
 10) gcc-native/13.2
 11) perftools-base/24.07.0
 12) cpe/24.07
 13) cudatoolkit/12.4
 14) craype-accel-nvidia80
 15) gpu/1.0
 16) sqs/2.0
 17) darshan/default
 18) conda/Miniforge3-24.7.1-0
 19) python/3.11

 

WARNING: Land fraction file not found: 
Will process all tracks without land fraction filtering.
Starting environmental variable extraction...
Processing 1 variable(s) across 1 date range(s)
================================================
Processing all variables: prw
================================================
Using pre-computed data from: /pscratch/sd/p/paccini/temp/hackathon/prw/scream_ne120_PT3H
Processing 1 date ranges
============================================================
Environmental Variable Extraction
============================================================
Model: scream_ne120
Output directory: /pscratch/sd/p/paccini/temp/hackathon/updated_environmental_variables/SCREAM
Variables: prw
Number of date ranges: 1
============================================================
Using radii: [5.  3.5 2. ]
Opening catalog from https://digital-earths-global-hackathon.github.io/catalog/catalog.yaml
Loading dataset scream_ne120...
Computing HEALPix grid...
Grid: nside=256
Loading MCS track data from /global/cfs/cdirs/m4581/gsharing/hackathon/tracking/mcs/scream/stats/mcs_tracks_final_20190801.0000_20200901.0000.nc
Loaded 36716550 total track-time points
After dropping NaN positions: 1017087 valid track time points
After spatial filtering: 743816 track time points
This dataset will be reused for all 1 variable(s) and 1 date range(s)
Calculating HEALPix indices...

============================================================
Processing variable 1/1: prw
============================================================
Loading pre-computed variable from /pscratch/sd/p/paccini/temp/hackathon/prw/scream_ne120_PT3H

============================================================
Processing date range 1/1
Date range: 2019-08-01 to 2020-09-02
============================================================
Loading pre-computed variable 'prw' from /pscratch/sd/p/paccini/temp/hackathon/prw/scream_ne120_PT3H
Loading 14 pre-computed file(s)...
Loaded pre-computed variable: prw, shape: (3168, 786432)
Pre-computed variable data ready
Filtered to 743816 track time points for this date range
Subsampling tracks to model frequency: 3H
Subsampled from 743816 to 262537 time points (64.7% reduction)
Calculating circular areas for 262537 track positions...
  Progress: 0/262537 positions processed...
  Progress: 50000/262537 positions processed...
  Progress: 100000/262537 positions processed...
  Progress: 150000/262537 positions processed...
  Progress: 200000/262537 positions processed...
  Progress: 250000/262537 positions processed...
Calculated circular areas for 787611 track-time-radius combinations
Extracting pre-convective areas (first time step per track)...
Extracted pre-convective areas for 43716 tracks
Creating track time mapping...
Extracting prw statistics for track duration...
Loading prw data for 436042 pixels and 9456 time steps...
Time mapping created: 9456 requested → 9456 actual times
Processing 787611 areas with batched approach (batch_size=500)...
  Progress: 100000/787611 areas processed...
  Progress: 200000/787611 areas processed...
  Progress: 300000/787611 areas processed...
  Progress: 400000/787611 areas processed...
  Progress: 500000/787611 areas processed...
  Progress: 600000/787611 areas processed...
  Progress: 700000/787611 areas processed...
Extracted prw statistics for 787611 combinations
Adding pre-convective data (24 hours before initiation)...
Collecting all pre-convective times and pixels for 43716 tracks...
Loading pre-convective data: 428240 pixels × 9509 times...
Pre-convective data loaded successfully
Extracting pre-convective statistics for 43716 tracks...
  Processed 10000/43716 tracks (22.9%), extracted 240000 data points so far
  Processed 20000/43716 tracks (45.7%), extracted 480000 data points so far
  Processed 30000/43716 tracks (68.6%), extracted 720000 data points so far
  Processed 40000/43716 tracks (91.5%), extracted 960000 data points so far
  Completed processing all 43716 tracks
Added 1049184 pre-convective data points
Results saved to: /pscratch/sd/p/paccini/temp/hackathon/updated_environmental_variables/SCREAM/prw/mcs_env_prw_20190801_20200902_prw.parquet

============================================================
SUMMARY STATISTICS - prw - Date range 1/1
============================================================
Total tracks processed: 43716
Total data points: 1836795
Radii processed: [5.  3.5 2. ]
Variable: prw
Time range: -24.0h to 513.0h

Extraction completed in 1185.71 seconds (19.76 minutes)
============================================================

============================================================
VARIABLE prw COMPLETED
============================================================
Processed 1 date range(s)
Total time for prw: 1185.71 seconds (19.76 minutes)
============================================================

============================================================
ALL VARIABLES AND DATE RANGES COMPLETED
============================================================
Processed 1 variable(s)
Processed 1 date range(s) per variable
Total time: 1223.82 seconds (20.40 minutes)
Average per variable: 1223.82 seconds
============================================================
Completed processing for all variables
All processing complete at Fri 17 Oct 2025 11:21:13 PM PDT
