
Currently Loaded Modules:
  1) craype-x86-milan
  2) libfabric/1.22.0
  3) craype-network-ofi
  4) xpmem/2.9.7-1.1_20250411150514__g191b5f8bea4c
  5) PrgEnv-gnu/8.5.0
  6) cray-dsmml/0.3.0
  7) cray-libsci/24.07.0
  8) cray-mpich/8.1.30
  9) craype/2.7.32
 10) gcc-native/13.2
 11) perftools-base/24.07.0
 12) cpe/24.07
 13) cudatoolkit/12.4
 14) craype-accel-nvidia80
 15) gpu/1.0
 16) sqs/2.0
 17) darshan/default
 18) conda/Miniforge3-24.7.1-0
 19) python/3.11

 

WARNING: Land fraction file not found: 
Will process all tracks without land fraction filtering.
Starting environmental variable extraction...
Processing 1 variable(s) across 1 date range(s)
================================================
Processing all variables: wa
================================================
Using pre-computed data from: 850
usage: get_env_vars.py [-h] [--catalog_url CATALOG_URL]
                       [--current_location CURRENT_LOCATION]
                       [--catalog_model CATALOG_MODEL]
                       [--catalog_params CATALOG_PARAMS] --trackfile TRACKFILE
                       --output_dir OUTPUT_DIR --variable VARIABLES
                       [VARIABLES ...]
                       [--land_fraction_file LAND_FRACTION_FILE]
                       [--land_threshold LAND_THRESHOLD]
                       [--start_date START_DATE] [--end_date END_DATE]
                       [--date_ranges DATE_RANGES [DATE_RANGES ...]]
                       [--min_lon MIN_LON] [--max_lon MAX_LON]
                       [--min_lat MIN_LAT] [--max_lat MAX_LAT] [--radii RADII]
                       [--lat_var LAT_VAR] [--lon_var LON_VAR]
                       [--hours_before_init HOURS_BEFORE_INIT]
                       [--batch_size BATCH_SIZE]
                       [--pressure_levels PRESSURE_LEVELS]
                       [--process_all_levels]
                       [--precomputed_dir PRECOMPUTED_DIR]
                       [--time_res TIME_RES] [--convert_wa_to_omega]
                       [--model_time_freq MODEL_TIME_FREQ]
get_env_vars.py: error: argument --time_res: expected one argument
srun: error: nid006735: task 0: Exited with exit code 2
srun: Terminating StepId=44260495.0
Completed processing for all variables
All processing complete at Tue 21 Oct 2025 04:08:23 PM PDT
