==========================================
Land Fraction Extraction v2 (Batched)
==========================================
Model: scream_ne120
Catalog params: {"zoom": 8}
Date range: 2019-08-01 to 2020-08-31
Output directory: /pscratch/sd/p/paccini/temp/hackathon/updated_land_fractions/
==========================================
============================================================
Land Fraction Extraction for MCS Tracks (v2 - optimized)
============================================================
Model: scream_ne120
Catalog params: {"zoom": 8}
Date range: 2019-08-01 to 2020-08-31
Output directory: /pscratch/sd/p/paccini/temp/hackathon/updated_land_fractions/
============================================================
Using radii: [5.  3.5 2. ]
Opening catalog from https://digital-earths-global-hackathon.github.io/catalog/catalog.yaml
Loading dataset scream_ne120...
Computing HEALPix grid...
Grid: nside=256
Setting up land fraction data (LANDFRAC)...
Loading MCS track data from /global/cfs/cdirs/m4581/gsharing/hackathon/tracking/mcs/scream/stats/mcs_tracks_final_20190801.0000_20200901.0000.nc
After dropping NaN positions: 1017087 valid track time points
Filtered to 730827 track time points
Calculating HEALPix indices...
Calculating circular areas for 730827 track positions...
  Progress: 0/730827 positions processed...
  Progress: 50000/730827 positions processed...
  Progress: 100000/730827 positions processed...
  Progress: 150000/730827 positions processed...
  Progress: 200000/730827 positions processed...
  Progress: 250000/730827 positions processed...
  Progress: 300000/730827 positions processed...
  Progress: 350000/730827 positions processed...
  Progress: 400000/730827 positions processed...
  Progress: 450000/730827 positions processed...
  Progress: 500000/730827 positions processed...
  Progress: 550000/730827 positions processed...
  Progress: 600000/730827 positions processed...
  Progress: 650000/730827 positions processed...
  Progress: 700000/730827 positions processed...
Calculated circular areas for 2192481 track-time-radius combinations
Loading land fraction data for 437259 unique pixels...
Successfully loaded land fraction data.
Processing 2192481 areas with batched approach (batch_size=500)...
  Progress: 100000/2192481 areas processed...
  Progress: 200000/2192481 areas processed...
  Progress: 300000/2192481 areas processed...
  Progress: 400000/2192481 areas processed...
  Progress: 500000/2192481 areas processed...
  Progress: 600000/2192481 areas processed...
  Progress: 700000/2192481 areas processed...
  Progress: 800000/2192481 areas processed...
  Progress: 900000/2192481 areas processed...
  Progress: 1000000/2192481 areas processed...
  Progress: 1100000/2192481 areas processed...
  Progress: 1200000/2192481 areas processed...
  Progress: 1300000/2192481 areas processed...
  Progress: 1400000/2192481 areas processed...
  Progress: 1500000/2192481 areas processed...
  Progress: 1600000/2192481 areas processed...
  Progress: 1700000/2192481 areas processed...
  Progress: 1800000/2192481 areas processed...
  Progress: 1900000/2192481 areas processed...
  Progress: 2000000/2192481 areas processed...
  Progress: 2100000/2192481 areas processed...
Extracted land fractions for 2192481 track-time-radius combinations
Merging track metadata with land fraction results...
Calculating track summary statistics...
Created summary statistics for 129477 track-radius combinations
Saved detailed land fraction data to /pscratch/sd/p/paccini/temp/hackathon/updated_land_fractions/mcs_land_fractions_scream_ne120_zoom8_detailed.parquet
Saved summary land fraction data to /pscratch/sd/p/paccini/temp/hackathon/updated_land_fractions/mcs_land_fractions_scream_ne120_zoom8_summary.parquet

============================================================
SUMMARY STATISTICS
============================================================
Total tracks processed: 43159
Total track-time points: 2192481
Radii processed: [5.  3.5 2. ]
  Radius 5.0°: 43159 tracks, mean land fraction = 0.343
  Radius 3.5°: 43159 tracks, mean land fraction = 0.352
  Radius 2.0°: 43159 tracks, mean land fraction = 0.360

Extraction completed in 793.24 seconds (13.22 minutes)
============================================================

==========================================
Extraction completed at Sat 11 Oct 2025 08:10:03 PM PDT
==========================================
