WARNING: Land fraction file not found: 
Will process all tracks without land fraction filtering.
Starting environmental variable extraction...
Processing 1 variable(s) across 1 date range(s)
================================================
Processing all variables: hur
================================================
Processing 1 date ranges
============================================================
Environmental Variable Extraction
============================================================
Model: ifs_tco3999_rcbmf
Output directory: /pscratch/sd/p/paccini/temp/hackathon/updated_environmental_variables/IFS_all
Variables: hur
Number of date ranges: 1
============================================================
Using radii: [5.  3.5 2. ]
Opening catalog from https://digital-earths-global-hackathon.github.io/catalog/catalog.yaml
Loading dataset ifs_tco3999_rcbmf...
Resampling IFS data from hourly to 3H...
After resampling: 3401 time steps
Dataset loaded successfully
Detected IFS model: Applying dimension and variable name fixes...
Swapped 'value' → 'cell' dimension
Renamed 'level' → 'pressure' dimension
Renamed variables: {'t': 'ta', 'w': 'wa', 'q': 'hus', 'r': 'hur', '2t': 'tas'}
IFS model fixes complete
Computing HEALPix grid...
Grid: nside=128
Loading MCS track data from /pscratch/sd/p/paccini/IFS_mcs_hackathon/ifs_tco3999_rcbmf/stats/mcs_tracks_final_20200101.0000_20210228.2330.nc
Loaded 21012550 total track-time points
After dropping NaN positions: 709549 valid track time points
After spatial filtering: 698492 track time points
This dataset will be reused for all 1 variable(s) and 1 date range(s)
Calculating HEALPix indices...

============================================================
Aligning track times to dataset times
============================================================
Aligning track times to dataset times...
  Dataset has 3401 time steps
  Original unique times: 10199
  Aligned unique times: 3401
  Reduction: 66.7%
============================================================

Using pressure levels: [500.0] hPa

============================================================
Processing variable 1/1: hur
============================================================
Setting up variable data (hur)...
3D variable detected with pressure dimension
Requested pressure levels: [500.0] hPa
  Detected pressure units: hectopascals (median value: 400.0 hPa)
  Pressure levels: [500.0] hPa (no conversion needed)
Selected single pressure level: 500.0 hPa
Variable is now 2D (cell, time) - ready for efficient loading
Variable data ready

============================================================
Processing date range 1/1
Date range: 2020-01-01 to 2021-03-01
============================================================
Filtered to 698492 track time points for this date range
Subsampling tracks to model frequency: 3H
Subsampled from 698492 to 698492 time points (0.0% reduction)
Calculating circular areas for 698492 track positions...
  Progress: 0/698492 positions processed...
  Progress: 50000/698492 positions processed...
  Progress: 100000/698492 positions processed...
  Progress: 150000/698492 positions processed...
  Progress: 200000/698492 positions processed...
  Progress: 250000/698492 positions processed...
  Progress: 300000/698492 positions processed...
  Progress: 350000/698492 positions processed...
  Progress: 400000/698492 positions processed...
  Progress: 450000/698492 positions processed...
  Progress: 500000/698492 positions processed...
  Progress: 550000/698492 positions processed...
  Progress: 600000/698492 positions processed...
  Progress: 650000/698492 positions processed...
Calculated circular areas for 2095476 track-time-radius combinations
Extracting pre-convective areas (first time step per track)...
Extracted pre-convective areas for 32327 tracks
Creating track time mapping...
Extracting hur statistics for track duration...
Loading hur data for 173572 pixels and 3401 time steps...
Using time batching: 4 batches of up to 1000 time steps
  Loading time batch 1/4: 1000 times...
Successfully loaded data for 3401 time steps
Time mapping created: 3401 requested → 3401 actual times
Processing 2095476 areas with batched approach (batch_size=500)...
  Progress: 100000/2095476 areas processed...
  Progress: 200000/2095476 areas processed...
  Progress: 300000/2095476 areas processed...
slurmstepd: error: *** STEP 44345933.0 ON nid006505 CANCELLED AT 2025-10-23T21:11:02 DUE TO TIME LIMIT ***
slurmstepd: error: *** JOB 44345933 ON nid006505 CANCELLED AT 2025-10-23T21:11:02 DUE TO TIME LIMIT ***
srun: Job step aborted: Waiting up to 32 seconds for job step to finish.
