
Currently Loaded Modules:
  1) craype-x86-milan
  2) libfabric/1.22.0
  3) craype-network-ofi
  4) xpmem/2.9.7-1.1_20250411150514__g191b5f8bea4c
  5) PrgEnv-gnu/8.5.0
  6) cray-dsmml/0.3.0
  7) cray-libsci/24.07.0
  8) cray-mpich/8.1.30
  9) craype/2.7.32
 10) gcc-native/13.2
 11) perftools-base/24.07.0
 12) cpe/24.07
 13) cudatoolkit/12.4
 14) craype-accel-nvidia80
 15) gpu/1.0
 16) sqs/2.0
 17) darshan/default
 18) conda/Miniforge3-24.7.1-0
 19) python/3.11

 

WARNING: Land fraction file not found: 
Will process all tracks without land fraction filtering.
Starting environmental variable extraction...
Processing 1 variable(s) across 1 date range(s)
================================================
Processing all variables: prw
================================================
Processing 1 date ranges
============================================================
Environmental Variable Extraction
============================================================
Model: nicam_gl11
Output directory: /pscratch/sd/p/paccini/temp/hackathon/updated_environmental_variables/NICAM_all
Variables: prw
Number of date ranges: 1
============================================================
Using radii: [5.  3.5 2. ]
Opening catalog from https://digital-earths-global-hackathon.github.io/catalog/catalog.yaml
Loading dataset nicam_gl11...
Computing HEALPix grid...
Grid: nside=256
Loading MCS track data from /pscratch/sd/w/wcmca1/hackathon/mcs/nicam_gl11/stats/mcs_tracks_final_20200301.0000_20210301.0000.nc
Loaded 28791750 total track-time points
After dropping NaN positions: 848439 valid track time points
After spatial filtering: 835403 track time points
This dataset will be reused for all 1 variable(s) and 1 date range(s)
Calculating HEALPix indices...

============================================================
Processing variable 1/1: prw
============================================================
Setting up variable data (prw)...
Variable data ready

============================================================
Processing date range 1/1
Date range: 2020-03-01 to 2021-03-01
============================================================
Filtered to 835403 track time points for this date range
Subsampling tracks to model frequency: 3H
Subsampled from 835403 to 293098 time points (64.9% reduction)
Calculating circular areas for 293098 track positions...
  Progress: 0/293098 positions processed...
  Progress: 50000/293098 positions processed...
  Progress: 100000/293098 positions processed...
  Progress: 150000/293098 positions processed...
  Progress: 200000/293098 positions processed...
  Progress: 250000/293098 positions processed...
Calculated circular areas for 879294 track-time-radius combinations
Extracting pre-convective areas (first time step per track)...
Extracted pre-convective areas for 44295 tracks
Creating track time mapping...
Extracting prw statistics for track duration...
Loading prw data for 703560 pixels and 8759 time steps...
Time mapping created: 8759 requested → 8759 actual times
Processing 879294 areas with batched approach (batch_size=500)...
  Progress: 100000/879294 areas processed...
  Progress: 200000/879294 areas processed...
  Progress: 300000/879294 areas processed...
  Progress: 400000/879294 areas processed...
  Progress: 500000/879294 areas processed...
  Progress: 600000/879294 areas processed...
  Progress: 700000/879294 areas processed...
  Progress: 800000/879294 areas processed...
Extracted prw statistics for 879294 combinations
Adding pre-convective data (24 hours before initiation)...
Collecting all pre-convective times and pixels for 44295 tracks...
Loading pre-convective data: 670053 pixels × 8776 times...
Pre-convective data loaded successfully
Extracting pre-convective statistics for 44295 tracks...
  Processed 10000/44295 tracks, extracted 240000 data points.
  Processed 20000/44295 tracks, extracted 480000 data points.
  Processed 30000/44295 tracks, extracted 720000 data points.
  Processed 40000/44295 tracks, extracted 960000 data points.
  Completed processing all 44295 tracks
Added 1063080 pre-convective data points
Results saved to: /pscratch/sd/p/paccini/temp/hackathon/updated_environmental_variables/NICAM_all/prw/mcs_env_prw_20200301_20210301_prw.parquet

============================================================
SUMMARY STATISTICS - prw - Date range 1/1
============================================================
Total tracks processed: 44295
Total data points: 1942374
Radii processed: [5.  3.5 2. ]
Variable: prw
Time range: -24.0h to 384.0h

Extraction completed in 1306.52 seconds (21.78 minutes)
============================================================

============================================================
VARIABLE prw COMPLETED
============================================================
Processed 1 date range(s)
Total time for prw: 1306.52 seconds (21.78 minutes)
============================================================

============================================================
ALL VARIABLES AND DATE RANGES COMPLETED
============================================================
Processed 1 variable(s)
Processed 1 date range(s) per variable
Total time: 1317.78 seconds (21.96 minutes)
Average per variable: 1317.78 seconds
============================================================
Completed processing for all variables
All processing complete at Tue 21 Oct 2025 03:38:30 PM PDT
