WARNING: Land fraction file not found: 
Will process all tracks without land fraction filtering.
Starting environmental variable extraction...
Processing 1 variable(s) across 1 date range(s)
================================================
Processing all variables: tas
================================================
Processing 1 date ranges
============================================================
Environmental Variable Extraction
============================================================
Model: icon_d3hp003
Output directory: /pscratch/sd/p/paccini/temp/hackathon/updated_environmental_variables/ICON_all
Variables: tas
Number of date ranges: 1
============================================================
Using radii: [5.  3.5 2. ]
Opening catalog from https://digital-earths-global-hackathon.github.io/catalog/catalog.yaml
Loading dataset icon_d3hp003...
Computing HEALPix grid...
Grid: nside=256
Loading MCS track data from /global/cfs/cdirs/m4581/gsharing/hackathon/tracking/mcs/icon_d3hp003/stats/mcs_tracks_final_20200102.0000_20201231.2330.nc
Loaded 28325050 total track-time points
After dropping NaN positions: 818949 valid track time points
After spatial filtering: 801717 track time points
This dataset will be reused for all 1 variable(s) and 1 date range(s)
Calculating HEALPix indices...

============================================================
Processing variable 1/1: tas
============================================================
Setting up variable data (tas)...
Variable data ready

============================================================
Processing date range 1/1
Date range: 2020-01-02 to 2021-01-01
============================================================
Filtered to 801717 track time points for this date range
Subsampling tracks to model frequency: 3H
Subsampled from 801717 to 281522 time points (64.9% reduction)
Calculating circular areas for 281522 track positions...
  Progress: 0/281522 positions processed...
  Progress: 50000/281522 positions processed...
  Progress: 100000/281522 positions processed...
  Progress: 150000/281522 positions processed...
  Progress: 200000/281522 positions processed...
  Progress: 250000/281522 positions processed...
Calculated circular areas for 844566 track-time-radius combinations
Extracting pre-convective areas (first time step per track)...
Extracted pre-convective areas for 43577 tracks
Creating track time mapping...
Extracting tas statistics for track duration...
Loading tas data for 699339 pixels and 8760 time steps...
Time mapping created: 8760 requested → 8760 actual times
Processing 844566 areas with batched approach (batch_size=500)...
  Progress: 100000/844566 areas processed...
  Progress: 200000/844566 areas processed...
  Progress: 300000/844566 areas processed...
  Progress: 400000/844566 areas processed...
  Progress: 500000/844566 areas processed...
  Progress: 600000/844566 areas processed...
  Progress: 700000/844566 areas processed...
  Progress: 800000/844566 areas processed...
Extracted tas statistics for 844566 combinations
Adding pre-convective data (24 hours before initiation)...
Collecting all pre-convective times and pixels for 43577 tracks...
Loading pre-convective data: 683703 pixels × 8776 times...
Pre-convective data loaded successfully
Extracting pre-convective statistics for 43577 tracks...
  Processed 10000/43577 tracks, extracted 240000 data points.
  Processed 20000/43577 tracks, extracted 480000 data points.
  Processed 30000/43577 tracks, extracted 720000 data points.
  Processed 40000/43577 tracks, extracted 960000 data points.
  Completed processing all 43577 tracks
Added 1045848 pre-convective data points
Results saved to: /pscratch/sd/p/paccini/temp/hackathon/updated_environmental_variables/ICON_all/tas/mcs_env_tas_20200102_20210101_tas.parquet

============================================================
SUMMARY STATISTICS - tas - Date range 1/1
============================================================
Total tracks processed: 43577
Total data points: 1890414
Radii processed: [5.  3.5 2. ]
Variable: tas
Time range: -24.0h to 309.0h

Extraction completed in 1596.46 seconds (26.61 minutes)
============================================================

============================================================
VARIABLE tas COMPLETED
============================================================
Processed 1 date range(s)
Total time for tas: 1596.46 seconds (26.61 minutes)
============================================================

============================================================
ALL VARIABLES AND DATE RANGES COMPLETED
============================================================
Processed 1 variable(s)
Processed 1 date range(s) per variable
Total time: 1625.20 seconds (27.09 minutes)
Average per variable: 1625.20 seconds
============================================================
Completed processing for all variables
All processing complete at Sat 01 Nov 2025 05:32:15 PM PDT
