WARNING: Land fraction file not found: 
Will process all tracks without land fraction filtering.
Starting environmental variable extraction...
Processing 1 variable(s) across 1 date range(s)
================================================
Processing all variables: tcwv
================================================
Processing 1 date ranges
============================================================
Environmental Variable Extraction
============================================================
Model: ifs_tco3999_rcbmf
Output directory: /pscratch/sd/p/paccini/temp/hackathon/updated_environmental_variables/IFS_all
Variables: tcwv
Number of date ranges: 1
============================================================
Using radii: [5.  3.5 2. ]
Opening catalog from https://digital-earths-global-hackathon.github.io/catalog/catalog.yaml
Loading dataset ifs_tco3999_rcbmf...
Resampling IFS data from hourly to 3H...
After resampling: 3401 time steps
Dataset loaded successfully
Detected IFS model: Applying dimension and variable name fixes...
Swapped 'value' → 'cell' dimension
Renamed 'level' → 'pressure' dimension
Renamed variables: {'t': 'ta', 'w': 'wa', 'q': 'hus', 'r': 'hur', '2t': 'tas'}
IFS model fixes complete
Computing HEALPix grid...
Grid: nside=128
Loading MCS track data from /pscratch/sd/p/paccini/IFS_mcs_hackathon/ifs_tco3999_rcbmf/stats/mcs_tracks_final_20200101.0000_20210228.2330.nc
Loaded 21012550 total track-time points
After dropping NaN positions: 709549 valid track time points
After spatial filtering: 698492 track time points
This dataset will be reused for all 1 variable(s) and 1 date range(s)
Calculating HEALPix indices...
Using pressure levels: [500.0] hPa

============================================================
Processing variable 1/1: tcwv
============================================================
Setting up variable data (tcwv)...
Variable data ready

============================================================
Processing date range 1/1
Date range: 2020-01-01 to 2021-03-01
============================================================
Filtered to 698492 track time points for this date range
Subsampling tracks to model frequency: 3H
Subsampled from 698492 to 243477 time points (65.1% reduction)
Calculating circular areas for 243477 track positions...
  Progress: 0/243477 positions processed...
  Progress: 50000/243477 positions processed...
  Progress: 100000/243477 positions processed...
  Progress: 150000/243477 positions processed...
  Progress: 200000/243477 positions processed...
Calculated circular areas for 730431 track-time-radius combinations
Extracting pre-convective areas (first time step per track)...
Extracted pre-convective areas for 32327 tracks
Creating track time mapping...
Extracting tcwv statistics for track duration...
Loading tcwv data for 173007 pixels and 10199 time steps...
Using time batching: 11 batches of up to 1000 time steps
  Loading time batch 1/11: 1000 times...
  Loading time batch 6/11: 1000 times...
  Loading time batch 11/11: 199 times...
Successfully loaded data for 3401 time steps
Time mapping created: 10199 requested → 3401 actual times
Processing 730431 areas with batched approach (batch_size=500)...
  Progress: 100000/730431 areas processed...
  Progress: 200000/730431 areas processed...
  Progress: 300000/730431 areas processed...
  Progress: 400000/730431 areas processed...
  Progress: 500000/730431 areas processed...
  Progress: 600000/730431 areas processed...
  Progress: 700000/730431 areas processed...
Extracted tcwv statistics for 730431 combinations
Adding pre-convective data (24 hours before initiation)...
Collecting all pre-convective times and pixels for 32327 tracks...
Loading pre-convective data: 161672 pixels × 10214 times...
Using time batching: 11 batches of up to 1000 time steps
  Loading pre-convective time batch 1/11: 1000 times...
  Loading pre-convective time batch 11/11: 214 times...
Pre-convective data loaded successfully: 3398 time steps
Extracting pre-convective statistics for 32327 tracks...
  Processed 10000/32327 tracks, extracted 240000 data points.
  Processed 20000/32327 tracks, extracted 480000 data points.
  Processed 30000/32327 tracks, extracted 720000 data points.
  Completed processing all 32327 tracks
Added 775848 pre-convective data points
Results saved to: /pscratch/sd/p/paccini/temp/hackathon/updated_environmental_variables/IFS_all/tcwv/mcs_env_tcwv_20200101_20210301_tcwv.parquet

============================================================
SUMMARY STATISTICS - tcwv - Date range 1/1
============================================================
Total tracks processed: 32327
Total data points: 1506279
Radii processed: [5.  3.5 2. ]
Variable: tcwv
Time range: -24.0h to 444.0h

Extraction completed in 1106.89 seconds (18.45 minutes)
============================================================

============================================================
VARIABLE tcwv COMPLETED
============================================================
Processed 1 date range(s)
Total time for tcwv: 1106.89 seconds (18.45 minutes)
============================================================

============================================================
ALL VARIABLES AND DATE RANGES COMPLETED
============================================================
Processed 1 variable(s)
Processed 1 date range(s) per variable
Total time: 1121.62 seconds (18.69 minutes)
Average per variable: 1121.62 seconds
============================================================
Completed processing for all variables
All processing complete at Wed 22 Oct 2025 06:34:59 PM PDT
